 Demon

 Timestamp is 55ac4fda (Mon Jul 20 09:33:14 2015)

 Preferred load address is 00400000

 Start         Length     Name                   Class
 0001:00000000 000079aeH .text                   CODE
 0001:000079b0 00000c72H .text$x                 CODE
 0002:00000000 000003ccH .idata$5                DATA
 0002:000003d0 0000118cH .rdata                  DATA
 0002:00001560 00000de0H .xdata$x                DATA
 0002:00002340 00000064H .idata$2                DATA
 0002:000023a4 00000014H .idata$3                DATA
 0002:000023b8 000003ccH .idata$4                DATA
 0002:00002784 00000218H .idata$6                DATA
 0002:0000299c 00000000H .edata                  DATA
 0003:00000000 00000004H .CRT$XCA                DATA
 0003:00000004 00000004H .CRT$XCL                DATA
 0003:00000008 00000004H .CRT$XCU                DATA
 0003:0000000c 00000004H .CRT$XCZ                DATA
 0003:00000010 00000004H .CRT$XIA                DATA
 0003:00000014 00000004H .CRT$XIZ                DATA
 0003:00000020 000009f4H .data                   DATA
 0003:00000a18 000004ccH .bss                    DATA
 0004:00000000 00000328H .rsrc$01                DATA
 0004:00000330 000021e8H .rsrc$02                DATA

  Address         Publics by Value              Rva+Base     Lib:Object

 0001:00000000       ??0CDialog1@@QAE@PAVCWnd@@@Z 00401000 f   Dialog1.obj
 0001:00000060       ??_GCDialog1@@UAEPAXI@Z    00401060 f i Dialog1.obj
 0001:00000060       ??_ECDialog1@@UAEPAXI@Z    00401060 f i Dialog1.obj
 0001:00000080       ??1CDialog1@@UAE@XZ        00401080 f i Dialog1.obj
 0001:000000d0       ?DoDataExchange@CDialog1@@MAEXPAVCDataExchange@@@Z 004010d0 f   Dialog1.obj
 0001:000000f0       ?GetMessageMap@CDialog1@@MBEPBUAFX_MSGMAP@@XZ 004010f0 f   Dialog1.obj
 0001:00000100       ?ReadPro@@YAXPAX@Z         00401100 f   Dialog1.obj
 0001:000002d0       ?OnOK@CDialog1@@MAEXXZ     004012d0 f   Dialog1.obj
 0001:00000340       ?OnCancel@CDialog1@@MAEXXZ 00401340 f   Dialog1.obj
 0001:00000370       ?OnRadio3@CDialog1@@IAEXXZ 00401370 f   Dialog1.obj
 0001:000003f0       ?OnRadio4@CDialog1@@IAEXXZ 004013f0 f   Dialog1.obj
 0001:00000470       ?OnInitDialog@CDialog1@@MAEHXZ 00401470 f   Dialog1.obj
 0001:00000620       ?OnOk4@CDialog1@@IAEXXZ    00401620 f   Dialog1.obj
 0001:00000700       ?ZCS80_ReadPro@@YAXPAX@Z   00401700 f   Dialog1.obj
 0001:00000980       ?OnOk2@CDialog1@@IAEXXZ    00401980 f   Dialog1.obj
 0001:00000af0       ??1ReadInfo@@UAE@XZ        00401af0 f i Dialog1.obj
 0001:00000af0       ??1CDialog2@@UAE@XZ        00401af0 f i Dialog1.obj
 0001:00000af0       ??1CAboutDlg@@UAE@XZ       00401af0 f i Dialog1.obj
 0001:00000b00       ?OnCancel2@CDialog1@@IAEXXZ 00401b00 f   Dialog1.obj
 0001:00000bc0       ?ZCS80_WritePro@@YAXPAX@Z  00401bc0 f   Dialog1.obj
 0001:00000f30       ?OnOk3@CDialog1@@IAEXXZ    00401f30 f   Dialog1.obj
 0001:00001400       ?OnOk5@CDialog1@@IAEXXZ    00402400 f   Dialog1.obj
 0001:00001780       ?OnChangeEdit17@CDialog1@@IAEXXZ 00402780 f   Dialog1.obj
 0001:000019d0       ?OnChangeEdit18@CDialog1@@IAEXXZ 004029d0 f   Dialog1.obj
 0001:00001c20       ?DoDataExchange@CWnd@@MAEXPAVCDataExchange@@@Z 00402c20 f i Dialog1.obj
 0001:00001c20       ?Dump@CObject@@UBEXAAVCDumpContext@@@Z 00402c20 f i Dialog1.obj
 0001:00001c20       ?Serialize@CObject@@UAEXAAVCArchive@@@Z 00402c20 f i Dialog1.obj
 0001:00001c30       ?AssertValid@CObject@@UBEXXZ 00402c30 f i Dialog1.obj
 0001:00001c40       ?BeginModalState@CWnd@@UAEXXZ 00402c40 f i Dialog1.obj
 0001:00001c50       ?EndModalState@CWnd@@UAEXXZ 00402c50 f i Dialog1.obj
 0001:00001c60       ??_ECEdit@@UAEPAXI@Z       00402c60 f i Dialog1.obj
 0001:00001c60       ??_GCEdit@@UAEPAXI@Z       00402c60 f i Dialog1.obj
 0001:00001c80       ?ShowHexData@@YA?AVCString@@PAEH@Z 00402c80 f   Dialog2.obj
 0001:00001d80       ??0CDialog2@@QAE@PAVCWnd@@@Z 00402d80 f   Dialog2.obj
 0001:00001da0       ?GetMessageMap@CDialog2@@MBEPBUAFX_MSGMAP@@XZ 00402da0 f   Dialog2.obj
 0001:00001db0       ?OnOK@CDialog2@@MAEXXZ     00402db0 f   Dialog2.obj
 0001:00001dc0       ?OnButton1@CDialog2@@IAEXXZ 00402dc0 f   Dialog2.obj
 0001:00001fb0       ?OnRadio1@CDialog2@@IAEXXZ 00402fb0 f   Dialog2.obj
 0001:00001fc0       ?OnRadio2@CDialog2@@IAEXXZ 00402fc0 f   Dialog2.obj
 0001:00001fd0       ?DestroyWindow@CDialog2@@UAEHXZ 00402fd0 f   Dialog2.obj
 0001:00001fe0       ?GetScrollBarCtrl@CDialog2@@UBEPAVCScrollBar@@H@Z 00402fe0 f   Dialog2.obj
 0001:00001ff0       ?DoModal@CDialog2@@UAEHXZ  00402ff0 f   Dialog2.obj
 0001:00002000       ?DefWindowProcA@CDialog2@@MAEJIIJ@Z 00403000 f   Dialog2.obj
 0001:00002020       ?OnInitDialog@CDialog2@@MAEHXZ 00403020 f   Dialog2.obj
 0001:00002140       ?OnButton2@CDialog2@@IAEXXZ 00403140 f   Dialog2.obj
 0001:000026f0       ?OnStatic1@CDialog2@@IAEXXZ 004036f0 f   Dialog2.obj
 0001:00002700       ?OnButton5@CDialog2@@IAEXXZ 00403700 f   Dialog2.obj
 0001:000027c0       ?OnButton4@CDialog2@@IAEXXZ 004037c0 f   Dialog2.obj
 0001:000027f0       ??0CDialog3@@QAE@PAVCWnd@@@Z 004037f0 f   Dialog3.obj
 0001:00002850       ??_ECDialog3@@UAEPAXI@Z    00403850 f i Dialog3.obj
 0001:00002850       ??_GCDialog3@@UAEPAXI@Z    00403850 f i Dialog3.obj
 0001:00002870       ??1CDialog3@@UAE@XZ        00403870 f i Dialog3.obj
 0001:000028c0       ?DoDataExchange@CDialog5@@MAEXPAVCDataExchange@@@Z 004038c0 f   Dialog3.obj
 0001:000028c0       ?DoDataExchange@CDialog3@@MAEXPAVCDataExchange@@@Z 004038c0 f   Dialog3.obj
 0001:000028e0       ?GetMessageMap@CDialog3@@MBEPBUAFX_MSGMAP@@XZ 004038e0 f   Dialog3.obj
 0001:000028f0       ?OnCancel@CDialog3@@MAEXXZ 004038f0 f   Dialog3.obj
 0001:00002930       ?OnInitDialog@CDialog3@@MAEHXZ 00403930 f   Dialog3.obj
 0001:00002aa0       ?OnRadio1@CDialog3@@IAEXXZ 00403aa0 f   Dialog3.obj
 0001:00002ac0       ?OnRadio2@CDialog3@@IAEXXZ 00403ac0 f   Dialog3.obj
 0001:00002ae0       ?OnOK@CDialog3@@MAEXXZ     00403ae0 f   Dialog3.obj
 0001:00002b20       ?OnButton2@CDialog3@@IAEXXZ 00403b20 f   Dialog3.obj
 0001:00002c80       ?OnButton1@CDialog3@@IAEXXZ 00403c80 f   Dialog3.obj
 0001:00002da0       ?OnButton4@CDialog3@@IAEXXZ 00403da0 f   Dialog3.obj
 0001:00002f00       ?OnButton5@CDialog3@@IAEXXZ 00403f00 f   Dialog3.obj
 0001:00003030       ?OnButton6@CDialog3@@IAEXXZ 00404030 f   Dialog3.obj
 0001:000031b0       ?OnButton7@CDialog3@@IAEXXZ 004041b0 f   Dialog3.obj
 0001:00003320       ?OnButton8@CDialog3@@IAEXXZ 00404320 f   Dialog3.obj
 0001:000034c0       ?OnButton9@CDialog3@@IAEXXZ 004044c0 f   Dialog3.obj
 0001:00003670       ?OnButton10@CDialog3@@IAEXXZ 00404670 f   Dialog3.obj
 0001:000036a0       ?OnButton11@CDialog3@@IAEXXZ 004046a0 f   Dialog3.obj
 0001:00003920       ?OnButton12@CDialog3@@IAEXXZ 00404920 f   Dialog3.obj
 0001:00003be0       ??_GCComboBox@@UAEPAXI@Z   00404be0 f i Dialog3.obj
 0001:00003be0       ??_ECComboBox@@UAEPAXI@Z   00404be0 f i Dialog3.obj
 0001:00003c00       ??0CDialog4@@QAE@PAVCWnd@@@Z 00404c00 f   Dialog4.obj
 0001:00003c80       ??_ECDialog4@@UAEPAXI@Z    00404c80 f i Dialog4.obj
 0001:00003c80       ??_GCDialog4@@UAEPAXI@Z    00404c80 f i Dialog4.obj
 0001:00003ca0       ??1CDialog4@@UAE@XZ        00404ca0 f i Dialog4.obj
 0001:00003d00       ?DoDataExchange@CDialog4@@MAEXPAVCDataExchange@@@Z 00404d00 f   Dialog4.obj
 0001:00003d30       ?GetMessageMap@CDialog4@@MBEPBUAFX_MSGMAP@@XZ 00404d30 f   Dialog4.obj
 0001:00003d40       ?OnInitDialog@CDialog4@@MAEHXZ 00404d40 f   Dialog4.obj
 0001:00004050       ?OnRadio1@CDialog4@@IAEXXZ 00405050 f   Dialog4.obj
 0001:00004060       ?OnRadio2@CDialog4@@IAEXXZ 00405060 f   Dialog4.obj
 0001:00004070       ?OnOK@CDialog4@@MAEXXZ     00405070 f   Dialog4.obj
 0001:000042a0       ?OnCancel@CDialog4@@MAEXXZ 004052a0 f   Dialog4.obj
 0001:00004500       ?OnButton1@CDialog4@@IAEXXZ 00405500 f   Dialog4.obj
 0001:00004730       ?OnButton2@CDialog4@@IAEXXZ 00405730 f   Dialog4.obj
 0001:00004b40       ?OnButton4@CDialog4@@IAEXXZ 00405b40 f   Dialog4.obj
 0001:00004e40       ?OnButton13@CDialog4@@IAEXXZ 00405e40 f   Dialog4.obj
 0001:00004e60       ?OnButton8@CDialog4@@IAEXXZ 00405e60 f   Dialog4.obj
 0001:00005180       ??0CDialog5@@QAE@PAVCWnd@@@Z 00406180 f   Dialog5.obj
 0001:000051e0       ??_ECDialog5@@UAEPAXI@Z    004061e0 f i Dialog5.obj
 0001:000051e0       ??_GCDialog5@@UAEPAXI@Z    004061e0 f i Dialog5.obj
 0001:00005200       ??1CDialog5@@UAE@XZ        00406200 f i Dialog5.obj
 0001:00005250       ?GetMessageMap@CDialog5@@MBEPBUAFX_MSGMAP@@XZ 00406250 f   Dialog5.obj
 0001:00005260       ?OnCancel@CDialog5@@MAEXXZ 00406260 f   Dialog5.obj
 0001:00005420       ?OnInitDialog@CDialog5@@MAEHXZ 00406420 f   Dialog5.obj
 0001:000055b0       ?OnOK@CDialog5@@MAEXXZ     004065b0 f   Dialog5.obj
 0001:00005720       ?OnButton1@CDialog5@@IAEXXZ 00406720 f   Dialog5.obj
 0001:000058d0       ??0CDialog6@@QAE@PAVCWnd@@@Z 004068d0 f   Dialog6.obj
 0001:00005950       ??_ECDialog6@@UAEPAXI@Z    00406950 f i Dialog6.obj
 0001:00005950       ??_GCDialog6@@UAEPAXI@Z    00406950 f i Dialog6.obj
 0001:00005970       ??1CDialog6@@UAE@XZ        00406970 f i Dialog6.obj
 0001:000059d0       ?DoDataExchange@CDialog6@@MAEXPAVCDataExchange@@@Z 004069d0 f   Dialog6.obj
 0001:000059f0       ?GetMessageMap@CDialog6@@MBEPBUAFX_MSGMAP@@XZ 004069f0 f   Dialog6.obj
 0001:00005a00       ?OnOK@CDialog6@@MAEXXZ     00406a00 f   Dialog6.obj
 0001:00005ac0       ?OnInitDialog@CDialog6@@MAEHXZ 00406ac0 f   Dialog6.obj
 0001:00005b80       ?OnCancel@CDialog6@@MAEXXZ 00406b80 f   Dialog6.obj
 0001:00005db0       ?OnButton1@CDialog6@@IAEXXZ 00406db0 f   Dialog6.obj
 0001:00005de0       ??_ECStatic@@UAEPAXI@Z     00406de0 f i Dialog6.obj
 0001:00005de0       ??_GCStatic@@UAEPAXI@Z     00406de0 f i Dialog6.obj
 0001:00005e00       ?_GetBaseMessageMap@Cedit2_click@@KGPBUAFX_MSGMAP@@XZ 00406e00 f   edit2_click.obj
 0001:00005e10       ?_GetBaseMessageMap@CM160App@@KGPBUAFX_MSGMAP@@XZ 00406e10 f   m160.obj
 0001:00005e20       ?GetMessageMap@CM160App@@MBEPBUAFX_MSGMAP@@XZ 00406e20 f   m160.obj
 0001:00005e30       ??0CM160App@@QAE@XZ        00406e30 f   m160.obj
 0001:00005e50       ??_GCM160App@@UAEPAXI@Z    00406e50 f i m160.obj
 0001:00005e50       ??_ECM160App@@UAEPAXI@Z    00406e50 f i m160.obj
 0001:00005e70       ??1CM160App@@UAE@XZ        00406e70 f i m160.obj
 0001:00005ec0       ?InitInstance@CM160App@@UAEHXZ 00406ec0 f   m160.obj
 0001:000060b0       ??1CM160Dlg@@UAE@XZ        004070b0 f i m160.obj
 0001:000061f0       ??0CAboutDlg@@QAE@XZ       004071f0 f   m160Dlg.obj
 0001:00006210       ??_ECDialog2@@UAEPAXI@Z    00407210 f i m160Dlg.obj
 0001:00006210       ??_ECAboutDlg@@UAEPAXI@Z   00407210 f i m160Dlg.obj
 0001:00006210       ??_GReadInfo@@UAEPAXI@Z    00407210 f i m160Dlg.obj
 0001:00006210       ??_EReadInfo@@UAEPAXI@Z    00407210 f i m160Dlg.obj
 0001:00006210       ??_GCDialog2@@UAEPAXI@Z    00407210 f i m160Dlg.obj
 0001:00006210       ??_GCAboutDlg@@UAEPAXI@Z   00407210 f i m160Dlg.obj
 0001:00006230       ?DoDataExchange@ReadInfo@@MAEXPAVCDataExchange@@@Z 00407230 f   m160Dlg.obj
 0001:00006230       ?DoDataExchange@CAboutDlg@@MAEXPAVCDataExchange@@@Z 00407230 f   m160Dlg.obj
 0001:00006230       ?DoDataExchange@CDialog2@@MAEXPAVCDataExchange@@@Z 00407230 f   m160Dlg.obj
 0001:00006240       ?GetMessageMap@CAboutDlg@@MBEPBUAFX_MSGMAP@@XZ 00407240 f   m160Dlg.obj
 0001:00006250       ??0CM160Dlg@@QAE@PAVCWnd@@@Z 00407250 f   m160Dlg.obj
 0001:00006360       ??_ECM160Dlg@@UAEPAXI@Z    00407360 f i m160Dlg.obj
 0001:00006360       ??_GCM160Dlg@@UAEPAXI@Z    00407360 f i m160Dlg.obj
 0001:00006380       ?DoDataExchange@CM160Dlg@@MAEXPAVCDataExchange@@@Z 00407380 f   m160Dlg.obj
 0001:000063a0       ?GetMessageMap@CM160Dlg@@MBEPBUAFX_MSGMAP@@XZ 004073a0 f   m160Dlg.obj
 0001:000063b0       ?OnInitDialog@CM160Dlg@@MAEHXZ 004073b0 f   m160Dlg.obj
 0001:00006780       ?OnSysCommand@CM160Dlg@@IAEXIJ@Z 00407780 f   m160Dlg.obj
 0001:00006800       ?OnPaint@CM160Dlg@@IAEXXZ  00407800 f   m160Dlg.obj
 0001:000068c0       ?OnQueryDragIcon@CM160Dlg@@IAEPAUHICON__@@XZ 004078c0 f   m160Dlg.obj
 0001:000068d0       ?OnSelchangeTab1@CM160Dlg@@IAEXPAUtagNMHDR@@PAJ@Z 004078d0 f   m160Dlg.obj
 0001:00006a40       ?OnButton1@CM160Dlg@@IAEXXZ 00407a40 f   m160Dlg.obj
 0001:00006c00       ?ZCS80_hThreadInit80auto@@YAXPAX@Z 00407c00 f   m160Dlg.obj
 0001:00006cc0       ?OnButton2@CM160Dlg@@IAEXXZ 00407cc0 f   m160Dlg.obj
 0001:00006e40       ?OnButton3@CM160Dlg@@IAEXXZ 00407e40 f   m160Dlg.obj
 0001:00006eb0       ?OnRadio1@CM160Dlg@@IAEXXZ 00407eb0 f   m160Dlg.obj
 0001:00006ec0       ?OnRadio2@CM160Dlg@@IAEXXZ 00407ec0 f   m160Dlg.obj
 0001:00006ed0       ?OnRadio3@CM160Dlg@@IAEXXZ 00407ed0 f   m160Dlg.obj
 0001:00006ee0       ?OnRadio4@CM160Dlg@@IAEXXZ 00407ee0 f   m160Dlg.obj
 0001:00006ee0       ?OnChangeEdit1@CM160Dlg@@IAEXXZ 00407ee0 f   m160Dlg.obj
 0001:00006f00       ??_GCTabCtrl@@UAEPAXI@Z    00407f00 f i m160Dlg.obj
 0001:00006f00       ??_ECTabCtrl@@UAEPAXI@Z    00407f00 f i m160Dlg.obj
 0001:00006f20       ??0ReadInfo@@QAE@PAVCWnd@@@Z 00407f20 f   ReadInfo.obj
 0001:00006f40       ?_GetBaseMessageMap@CDialog2@@KGPBUAFX_MSGMAP@@XZ 00407f40 f   ReadInfo.obj
 0001:00006f40       ?_GetBaseMessageMap@CDialog3@@KGPBUAFX_MSGMAP@@XZ 00407f40 f   ReadInfo.obj
 0001:00006f40       ?_GetBaseMessageMap@CDialog5@@KGPBUAFX_MSGMAP@@XZ 00407f40 f   ReadInfo.obj
 0001:00006f40       ?_GetBaseMessageMap@ReadInfo@@KGPBUAFX_MSGMAP@@XZ 00407f40 f   ReadInfo.obj
 0001:00006f40       ?_GetBaseMessageMap@CM160Dlg@@KGPBUAFX_MSGMAP@@XZ 00407f40 f   ReadInfo.obj
 0001:00006f40       ?_GetBaseMessageMap@CAboutDlg@@KGPBUAFX_MSGMAP@@XZ 00407f40 f   ReadInfo.obj
 0001:00006f40       ?_GetBaseMessageMap@CDialog6@@KGPBUAFX_MSGMAP@@XZ 00407f40 f   ReadInfo.obj
 0001:00006f40       ?_GetBaseMessageMap@CDialog1@@KGPBUAFX_MSGMAP@@XZ 00407f40 f   ReadInfo.obj
 0001:00006f40       ?_GetBaseMessageMap@CDialog4@@KGPBUAFX_MSGMAP@@XZ 00407f40 f   ReadInfo.obj
 0001:00006f50       ?GetMessageMap@ReadInfo@@MBEPBUAFX_MSGMAP@@XZ 00407f50 f   ReadInfo.obj
 0001:00006f60       ?OnOK@ReadInfo@@MAEXXZ     00407f60 f   ReadInfo.obj
 0001:000072c0       ?MagRead_DES@@YGEPAE00@Z   004082c0 f   Lib160:Lib160.dll
 0001:000072c6       ?MagSwiped@@YGEXZ          004082c6 f   Lib160:Lib160.dll
 0001:000072cc       ?MSR_Set_HiCo@@YGHXZ       004082cc f   Lib160:Lib160.dll
 0001:000072d2       ?MSR_Set_LoCo@@YGHXZ       004082d2 f   Lib160:Lib160.dll
 0001:000072d8       ?MSR_DoCancel@@YGHXZ       004082d8 f   Lib160:Lib160.dll
 0001:000072de       ?MSR_Init@@YGHXZ           004082de f   Lib160:Lib160.dll
 0001:000072e4       ?openSer@@YGEH@Z           004082e4 f   Lib160:Lib160.dll
 0001:000072ea       ?User_To_ASC@@YGHPAE00EEEEEEEEE@Z 004082ea f   Lib160:Lib160.dll
 0001:000072f0       ?MSR_GetTrackData@@YGHPAE00@Z 004082f0 f   Lib160:Lib160.dll
 0001:000072f6       ?MSR_ASC_Read@@YGHXZ       004082f6 f   Lib160:Lib160.dll
 0001:000072fc       ?MSR_Write_status@@YGHXZ   004082fc f   Lib160:Lib160.dll
 0001:00007302       ?MSR_Write_SPEC@@YGHPAD00DDDDDDDDDDDD@Z 00408302 f   Lib160:Lib160.dll
 0001:00007308       ?BAttrib@@YGEXZ            00408308 f   Lib160:Lib160.dll
 0001:0000730e       ?BRequest@@YGEPAE@Z        0040830e f   Lib160:Lib160.dll
 0001:00007314       ?IccInit@@YGEEPAE@Z        00408314 f   Lib160:Lib160.dll
 0001:0000731a       ?one_two@@YGXPAEH0@Z       0040831a f   Lib160:Lib160.dll
 0001:00007320       ?B_Apdu@@YGEDPAUAPDU_SEND@@PAUAPDU_RESP@@@Z 00408320 f   Lib160:Lib160.dll
 0001:00007326       ?IccIsoCommand@@YGEEPAUAPDU_SEND@@PAUAPDU_RESP@@@Z 00408326 f   Lib160:Lib160.dll
 0001:0000732c       ?two_one@@YGXPAEH0@Z       0040832c f   Lib160:Lib160.dll
 0001:00007332       ?MSR_ICCardID@@YGHEPAD@Z   00408332 f   Lib160:Lib160.dll
 0001:00007338       ?IccClose@@YGXE@Z          00408338 f   Lib160:Lib160.dll
 0001:0000733e       ?chk_4428@@YGHH@Z          0040833e f   Lib160:Lib160.dll
 0001:00007344       ?chk_4442@@YGHH@Z          00408344 f   Lib160:Lib160.dll
 0001:0000734a       ?Init4428@@YGEXZ           0040834a f   Lib160:Lib160.dll
 0001:00007350       ?Init4442@@YGEXZ           00408350 f   Lib160:Lib160.dll
 0001:00007356       ?auto_init@@YGHXZ          00408356 f   Lib160:Lib160.dll
 0001:0000735c       ?csc_4428@@YGHHHPAE@Z      0040835c f   Lib160:Lib160.dll
 0001:00007362       ?csc_4442@@YGHHHPAE@Z      00408362 f   Lib160:Lib160.dll
 0001:00007368       ?rsc_4428@@YGHHHPAE@Z      00408368 f   Lib160:Lib160.dll
 0001:0000736e       ?rsc_4442@@YGHHHPAE@Z      0040836e f   Lib160:Lib160.dll
 0001:00007374       ?wsc_4428@@YGHHHPAE@Z      00408374 f   Lib160:Lib160.dll
 0001:0000737a       ?wsc_4442@@YGHHHPAE@Z      0040837a f   Lib160:Lib160.dll
 0001:00007380       ?srd_4428@@YGHHHHPAE@Z     00408380 f   Lib160:Lib160.dll
 0001:00007386       ?srd_4442@@YGHHHHPAE@Z     00408386 f   Lib160:Lib160.dll
 0001:0000738c       ?swr_4428@@YGHHHHPAE@Z     0040838c f   Lib160:Lib160.dll
 0001:00007392       ?swr_4442@@YGHHHHPAE@Z     00408392 f   Lib160:Lib160.dll
 0001:00007398       ?rdwpb_4428@@YGHHHHPAE@Z   00408398 f   Lib160:Lib160.dll
 0001:0000739e       ?prd_4442@@YGHHHPAE@Z      0040839e f   Lib160:Lib160.dll
 0001:000073a4       ?pwr_4428@@YGHHHHPAE@Z     004083a4 f   Lib160:Lib160.dll
 0001:000073aa       ?pwr_4442@@YGHHHHPAE@Z     004083aa f   Lib160:Lib160.dll
 0001:000073b0       ?rsct_4428@@YGHHPAH@Z      004083b0 f   Lib160:Lib160.dll
 0001:000073b6       ?rsct_4442@@YGHHPAH@Z      004083b6 f   Lib160:Lib160.dll
 0001:000073bc       ?InitAT@@YGEXZ             004083bc f   Lib160:Lib160.dll
 0001:000073c2       ?AT24_Read@@YGEPAE0D0@Z    004083c2 f   Lib160:Lib160.dll
 0001:000073c8       ?AT24_Write@@YGEPAE0D0@Z   004083c8 f   Lib160:Lib160.dll
 0001:000073ce       ?M1Authority@@YGEEEPAE@Z   004083ce f   Lib160:Lib160.dll
 0001:000073d4       ?M1Select@@YGEPAE@Z        004083d4 f   Lib160:Lib160.dll
 0001:000073da       ?M1Request@@YGEEPAE@Z      004083da f   Lib160:Lib160.dll
 0001:000073e0       ?M1ReadBlock@@YGEEPAE@Z    004083e0 f   Lib160:Lib160.dll
 0001:000073e6       ?M1WriteBlock@@YGEEPAE@Z   004083e6 f   Lib160:Lib160.dll
 0001:000073ec       ?M1ReadSec@@YGEEPAEEE0E0E@Z 004083ec f   Lib160:Lib160.dll
 0001:000073f2       ?M1WriteSec@@YGEEPAEEE0EE0E@Z 004083f2 f   Lib160:Lib160.dll
 0001:000073f8       ?M500PiccHalt@@YGEXZ       004083f8 f   Lib160:Lib160.dll
 0001:000073fe       ?piccchangesinglekey@@YGEEPAEEE00@Z 004083fe f   Lib160:Lib160.dll
 0001:00007404       ?ULSelect@@YGEPAE@Z        00408404 f   Lib160:Lib160.dll
 0001:0000740a       ?ULRequest@@YGEEPAE0@Z     0040840a f   Lib160:Lib160.dll
 0001:00007410       ?ULWrite@@YGEEPAE@Z        00408410 f   Lib160:Lib160.dll
 0001:00007416       ?writeIDReset@@YGEXZ       00408416 f   Lib160:Lib160.dll
 0001:0000741c       ?GetEndDate@@YGEPAD@Z      0040841c f   Lib160:Lib160.dll
 0001:00007422       ?GetStartDate@@YGEPAD@Z    00408422 f   Lib160:Lib160.dll
 0001:00007428       ?GetDepartment@@YGEPAD@Z   00408428 f   Lib160:Lib160.dll
 0001:0000742e       ?GetPeopleIDCode@@YGEPAD@Z 0040842e f   Lib160:Lib160.dll
 0001:00007434       ?GetPeopleAddress@@YGEPAD@Z 00408434 f   Lib160:Lib160.dll
 0001:0000743a       ?GetPeopleBirthday@@YGEPAD@Z 0040843a f   Lib160:Lib160.dll
 0001:00007440       ?GetPeopleNation@@YGEPAD@Z 00408440 f   Lib160:Lib160.dll
 0001:00007446       ?GetPeopleSex@@YGEPAD@Z    00408446 f   Lib160:Lib160.dll
 0001:0000744c       ?GetPeopleName@@YGEPAE@Z   0040844c f   Lib160:Lib160.dll
 0001:00007452       ?writeIDData@@YGEXZ        00408452 f   Lib160:Lib160.dll
 0001:00007458       ?writeIDOff@@YGEXZ         00408458 f   Lib160:Lib160.dll
 0001:0000745e       ?ReadSN@@YGEPAE@Z          0040845e f   Lib160:Lib160.dll
 0001:00007464       ?InitDev@@YGEEJ@Z          00408464 f   Lib160:Lib160.dll
 0001:0000746a       ?SetOccDialogInfo@CWnd@@MAEHPAU_AFX_OCC_DIALOG_INFO@@@Z 0040846a f   mfc42:MFC42.DLL
 0001:00007470       ?CheckAutoCenter@CWnd@@UAEHXZ 00408470 f   mfc42:MFC42.DLL
 0001:00007476       ?PreTranslateMessage@CWnd@@UAEHPAUtagMSG@@@Z 00408476 f   mfc42:MFC42.DLL
 0001:0000747c       ?GetMessageMap@CWnd@@MBEPBUAFX_MSGMAP@@XZ 0040847c f   mfc42:MFC42.DLL
 0001:00007482       ?OnCmdMsg@CCmdTarget@@UAEHIHPAXPAUAFX_CMDHANDLERINFO@@@Z 00408482 f   mfc42:MFC42.DLL
 0001:00007488       ?GetRuntimeClass@CEdit@@UBEPAUCRuntimeClass@@XZ 00408488 f   mfc42:MFC42.DLL
 0001:0000748e       ?PreInitDialog@CDialog@@MAEXXZ 0040848e f   mfc42:MFC42.DLL
 0001:00007494       ?OnSetFont@CDialog@@UAEXPAVCFont@@@Z 00408494 f   mfc42:MFC42.DLL
 0001:0000749a       ?DoModal@CDialog@@UAEHXZ   0040849a f   mfc42:MFC42.DLL
 0001:000074a0       ?SetOccDialogInfo@CDialog@@MAEHPAU_AFX_OCC_DIALOG_INFO@@@Z 004084a0 f   mfc42:MFC42.DLL
 0001:000074a6       ?IsFrameWnd@CWnd@@UBEHXZ   004084a6 f   mfc42:MFC42.DLL
 0001:000074ac       ?CheckAutoCenter@CDialog@@UAEHXZ 004084ac f   mfc42:MFC42.DLL
 0001:000074b2       ?OnChildNotify@CWnd@@MAEHIIJPAJ@Z 004084b2 f   mfc42:MFC42.DLL
 0001:000074b8       ?PostNcDestroy@CWnd@@MAEXXZ 004084b8 f   mfc42:MFC42.DLL
 0001:000074be       ?DefWindowProcA@CWnd@@MAEJIIJ@Z 004084be f   mfc42:MFC42.DLL
 0001:000074c4       ?OnWndMsg@CWnd@@MAEHIIJPAJ@Z 004084c4 f   mfc42:MFC42.DLL
 0001:000074ca       ?WindowProc@CWnd@@MAEJIIJ@Z 004084ca f   mfc42:MFC42.DLL
 0001:000074d0       ?OnAmbientProperty@CWnd@@UAEHPAVCOleControlSite@@JPAUtagVARIANT@@@Z 004084d0 f   mfc42:MFC42.DLL
 0001:000074d6       ?PreTranslateMessage@CDialog@@UAEHPAUtagMSG@@@Z 004084d6 f   mfc42:MFC42.DLL
 0001:000074dc       ?GetSuperWndProcAddr@CWnd@@MAEPAP6GJPAUHWND__@@IIJ@ZXZ 004084dc f   mfc42:MFC42.DLL
 0001:000074e2       ?OnNotify@CWnd@@MAEHIJPAJ@Z 004084e2 f   mfc42:MFC42.DLL
 0001:000074e8       ?OnCommand@CWnd@@MAEHIJ@Z  004084e8 f   mfc42:MFC42.DLL
 0001:000074ee       ?EndModalLoop@CWnd@@UAEXH@Z 004084ee f   mfc42:MFC42.DLL
 0001:000074f4       ?ContinueModal@CWnd@@UAEHXZ 004084f4 f   mfc42:MFC42.DLL
 0001:000074fa       ?WinHelpA@CWnd@@UAEXKI@Z   004084fa f   mfc42:MFC42.DLL
 0001:00007500       ?GetScrollBarCtrl@CWnd@@UBEPAVCScrollBar@@H@Z 00408500 f   mfc42:MFC42.DLL
 0001:00007506       ?OnToolHitTest@CWnd@@UBEHVCPoint@@PAUtagTOOLINFOA@@@Z 00408506 f   mfc42:MFC42.DLL
 0001:0000750c       ?CalcWindowRect@CWnd@@UAEXPAUtagRECT@@I@Z 0040850c f   mfc42:MFC42.DLL
 0001:00007512       ?PreCreateWindow@CWnd@@UAEHAAUtagCREATESTRUCTA@@@Z 00408512 f   mfc42:MFC42.DLL
 0001:00007518       ?DestroyWindow@CWnd@@UAEHXZ 00408518 f   mfc42:MFC42.DLL
 0001:0000751e       ?Create@CWnd@@UAEHPBD0KABUtagRECT@@PAV1@IPAUCCreateContext@@@Z 0040851e f   mfc42:MFC42.DLL
 0001:00007524       ?PreSubclassWindow@CWnd@@UAEXXZ 00408524 f   mfc42:MFC42.DLL
 0001:0000752a       ?GetConnectionHook@CCmdTarget@@MAEPAUIConnectionPoint@@ABU_GUID@@@Z 0040852a f   mfc42:MFC42.DLL
 0001:00007530       ?GetExtraConnectionPoints@CCmdTarget@@MAEHPAVCPtrArray@@@Z 00408530 f   mfc42:MFC42.DLL
 0001:00007536       ?GetInterfaceHook@CCmdTarget@@UAEPAUIUnknown@@PBX@Z 00408536 f   mfc42:MFC42.DLL
 0001:0000753c       ?OnCreateAggregates@CCmdTarget@@UAEHXZ 0040853c f   mfc42:MFC42.DLL
 0001:00007542       ?GetEventSinkMap@CCmdTarget@@MBEPBUAFX_EVENTSINKMAP@@XZ 00408542 f   mfc42:MFC42.DLL
 0001:00007548       ?GetInterfaceMap@CCmdTarget@@MBEPBUAFX_INTERFACEMAP@@XZ 00408548 f   mfc42:MFC42.DLL
 0001:0000754e       ?GetConnectionMap@CCmdTarget@@MBEPBUAFX_CONNECTIONMAP@@XZ 0040854e f   mfc42:MFC42.DLL
 0001:00007554       ?GetDispatchMap@CCmdTarget@@MBEPBUAFX_DISPMAP@@XZ 00408554 f   mfc42:MFC42.DLL
 0001:0000755a       ?GetCommandMap@CCmdTarget@@MBEPBUAFX_OLECMDMAP@@XZ 0040855a f   mfc42:MFC42.DLL
 0001:00007560       ?GetTypeLib@CCmdTarget@@UAEJKPAPAUITypeLib@@@Z 00408560 f   mfc42:MFC42.DLL
 0001:00007566       ?GetTypeLibCache@CCmdTarget@@UAEPAVCTypeLibCache@@XZ 00408566 f   mfc42:MFC42.DLL
 0001:0000756c       ?GetTypeInfoCount@CCmdTarget@@UAEIXZ 0040856c f   mfc42:MFC42.DLL
 0001:00007572       ?GetDispatchIID@CCmdTarget@@UAEHPAU_GUID@@@Z 00408572 f   mfc42:MFC42.DLL
 0001:00007578       ?IsInvokeAllowed@CCmdTarget@@UAEHJ@Z 00408578 f   mfc42:MFC42.DLL
 0001:0000757e       ?OnFinalRelease@CWnd@@UAEXXZ 0040857e f   mfc42:MFC42.DLL
 0001:00007584       ?OnCmdMsg@CDialog@@UAEHIHPAXPAUAFX_CMDHANDLERINFO@@@Z 00408584 f   mfc42:MFC42.DLL
 0001:0000758a       ?GetRuntimeClass@CDialog@@UBEPAUCRuntimeClass@@XZ 0040858a f   mfc42:MFC42.DLL
 0001:00007590       ??1CDialog@@UAE@XZ         00408590 f   mfc42:MFC42.DLL
 0001:00007596       ??0CWnd@@QAE@XZ            00408596 f   mfc42:MFC42.DLL
 0001:0000759c       ??0CDialog@@QAE@IPAVCWnd@@@Z 0040859c f   mfc42:MFC42.DLL
 0001:000075a2       ??3@YAXPAX@Z               004085a2 f   mfc42:MFC42.DLL
 0001:000075a8       ??1CEdit@@UAE@XZ           004085a8 f   mfc42:MFC42.DLL
 0001:000075ae       ?DDX_Control@@YGXPAVCDataExchange@@HAAVCWnd@@@Z 004085ae f   mfc42:MFC42.DLL
 0001:000075b4       ??1CString@@QAE@XZ         004085b4 f   mfc42:MFC42.DLL
 0001:000075ba       ??4CString@@QAEABV0@PBD@Z  004085ba f   mfc42:MFC42.DLL
 0001:000075c0       ?SetDlgItemTextA@CWnd@@QAEXHPBD@Z 004085c0 f   mfc42:MFC42.DLL
 0001:000075c6       ??0CString@@QAE@XZ         004085c6 f   mfc42:MFC42.DLL
 0001:000075cc       ?MessageBoxA@CWnd@@QAEHPBD0I@Z 004085cc f   mfc42:MFC42.DLL
 0001:000075d2       ?SetWindowTextA@CWnd@@QAEXPBD@Z 004085d2 f   mfc42:MFC42.DLL
 0001:000075d8       ?GetDlgItem@CWnd@@QBEPAV1@H@Z 004085d8 f   mfc42:MFC42.DLL
 0001:000075de       ?ShowWindow@CWnd@@QAEHH@Z  004085de f   mfc42:MFC42.DLL
 0001:000075e4       ?OnInitDialog@CDialog@@UAEHXZ 004085e4 f   mfc42:MFC42.DLL
 0001:000075ea       ?EnableWindow@CWnd@@QAEHH@Z 004085ea f   mfc42:MFC42.DLL
 0001:000075f0       ??H@YG?AVCString@@PBDABV0@@Z 004085f0 f   mfc42:MFC42.DLL
 0001:000075f6       ?Format@CString@@QAAXPBDZZ 004085f6 f   mfc42:MFC42.DLL
 0001:000075fc       ?GetDlgItemTextA@CWnd@@QBEHHAAVCString@@@Z 004085fc f   mfc42:MFC42.DLL
 0001:00007602       ?Right@CString@@QBE?AV1@H@Z 00408602 f   mfc42:MFC42.DLL
 0001:00007608       ??4CString@@QAEABV0@ABV0@@Z 00408608 f   mfc42:MFC42.DLL
 0001:0000760e       ?Left@CString@@QBE?AV1@H@Z 0040860e f   mfc42:MFC42.DLL
 0001:00007614       ?GetWindowTextA@CWnd@@QBEXAAVCString@@@Z 00408614 f   mfc42:MFC42.DLL
 0001:0000761a       ??0CString@@QAE@PBD@Z      0040861a f   mfc42:MFC42.DLL
 0001:00007620       ??H@YG?AVCString@@ABV0@0@Z 00408620 f   mfc42:MFC42.DLL
 0001:00007626       ??0CString@@QAE@ABV0@@Z    00408626 f   mfc42:MFC42.DLL
 0001:0000762c       ?MakeUpper@CString@@QAEXXZ 0040862c f   mfc42:MFC42.DLL
 0001:00007632       ?OnCancel@CDialog@@MAEXXZ  00408632 f   mfc42:MFC42.DLL
 0001:00007638       ?OnOK@CDialog@@MAEXXZ      00408638 f   mfc42:MFC42.DLL
 0001:0000763e       ?GetDlgItemInt@CWnd@@QBEIHPAHH@Z 0040863e f   mfc42:MFC42.DLL
 0001:00007644       ??H@YG?AVCString@@ABV0@PBD@Z 00408644 f   mfc42:MFC42.DLL
 0001:0000764a       ?DeleteItem@CComboBox@@UAEXPAUtagDELETEITEMSTRUCT@@@Z 0040864a f   mfc42:MFC42.DLL
 0001:00007650       ?CompareItem@CComboBox@@UAEHPAUtagCOMPAREITEMSTRUCT@@@Z 00408650 f   mfc42:MFC42.DLL
 0001:00007656       ?MeasureItem@CComboBox@@UAEXPAUtagMEASUREITEMSTRUCT@@@Z 00408656 f   mfc42:MFC42.DLL
 0001:0000765c       ?DrawItem@CComboBox@@UAEXPAUtagDRAWITEMSTRUCT@@@Z 0040865c f   mfc42:MFC42.DLL
 0001:00007662       ?OnChildNotify@CComboBox@@MAEHIIJPAJ@Z 00408662 f   mfc42:MFC42.DLL
 0001:00007668       ?GetRuntimeClass@CComboBox@@UBEPAUCRuntimeClass@@XZ 00408668 f   mfc42:MFC42.DLL
 0001:0000766e       ??1CComboBox@@UAE@XZ       0040866e f   mfc42:MFC42.DLL
 0001:00007674       ?GetRuntimeClass@CStatic@@UBEPAUCRuntimeClass@@XZ 00408674 f   mfc42:MFC42.DLL
 0001:0000767a       ??1CStatic@@UAE@XZ         0040867a f   mfc42:MFC42.DLL
 0001:00007680       ?ModifyStyle@CWnd@@QAEHKKI@Z 00408680 f   mfc42:MFC42.DLL
 0001:00007686       ?OnHelp@CWinApp@@IAEXXZ    00408686 f   mfc42:MFC42.DLL
 0001:0000768c       ?WinHelpA@CWinApp@@UAEXKI@Z 0040868c f   mfc42:MFC42.DLL
 0001:00007692       ?OnDDECommand@CWinApp@@UAEHPAD@Z 00408692 f   mfc42:MFC42.DLL
 0001:00007698       ?DoWaitCursor@CWinApp@@UAEXH@Z 00408698 f   mfc42:MFC42.DLL
 0001:0000769e       ?DoMessageBox@CWinApp@@UAEHPBDII@Z 0040869e f   mfc42:MFC42.DLL
 0001:000076a4       ?SaveAllModified@CWinApp@@UAEHXZ 004086a4 f   mfc42:MFC42.DLL
 0001:000076aa       ?InitApplication@CWinApp@@UAEHXZ 004086aa f   mfc42:MFC42.DLL
 0001:000076b0       ?AddToRecentFileList@CWinApp@@UAEXPBD@Z 004086b0 f   mfc42:MFC42.DLL
 0001:000076b6       ?OpenDocumentFile@CWinApp@@UAEPAVCDocument@@PBD@Z 004086b6 f   mfc42:MFC42.DLL
 0001:000076bc       ?Delete@CWinThread@@UAEXXZ 004086bc f   mfc42:MFC42.DLL
 0001:000076c2       ?GetMainWnd@CWinThread@@UAEPAVCWnd@@XZ 004086c2 f   mfc42:MFC42.DLL
 0001:000076c8       ?ProcessMessageFilter@CWinThread@@UAEHHPAUtagMSG@@@Z 004086c8 f   mfc42:MFC42.DLL
 0001:000076ce       ?ProcessWndProcException@CWinApp@@UAEJPAVCException@@PBUtagMSG@@@Z 004086ce f   mfc42:MFC42.DLL
 0001:000076d4       ?ExitInstance@CWinApp@@UAEHXZ 004086d4 f   mfc42:MFC42.DLL
 0001:000076da       ?IsIdleMessage@CWinThread@@UAEHPAUtagMSG@@@Z 004086da f   mfc42:MFC42.DLL
 0001:000076e0       ?OnIdle@CWinApp@@UAEHJ@Z   004086e0 f   mfc42:MFC42.DLL
 0001:000076e6       ?PumpMessage@CWinThread@@UAEHXZ 004086e6 f   mfc42:MFC42.DLL
 0001:000076ec       ?PreTranslateMessage@CWinThread@@UAEHPAUtagMSG@@@Z 004086ec f   mfc42:MFC42.DLL
 0001:000076f2       ?Run@CWinApp@@UAEHXZ       004086f2 f   mfc42:MFC42.DLL
 0001:000076f8       ?OnFinalRelease@CCmdTarget@@UAEXXZ 004086f8 f   mfc42:MFC42.DLL
 0001:000076fe       ?GetRuntimeClass@CWinApp@@UBEPAUCRuntimeClass@@XZ 004086fe f   mfc42:MFC42.DLL
 0001:00007704       ??0CWinApp@@QAE@PBD@Z      00408704 f   mfc42:MFC42.DLL
 0001:0000770a       ??1CWinApp@@UAE@XZ         0040870a f   mfc42:MFC42.DLL
 0001:00007710       ??1CTabCtrl@@UAE@XZ        00408710 f   mfc42:MFC42.DLL
 0001:00007716       ?Enable3dControls@CWinApp@@IAEHXZ 00408716 f   mfc42:MFC42.DLL
 0001:0000771c       ?AfxEnableControlContainer@@YAXPAVCOccManager@@@Z 0040871c f   mfc42:MFC42.DLL
 0001:00007722       ?DrawItem@CTabCtrl@@UAEXPAUtagDRAWITEMSTRUCT@@@Z 00408722 f   mfc42:MFC42.DLL
 0001:00007728       ?OnChildNotify@CTabCtrl@@MAEHIIJPAJ@Z 00408728 f   mfc42:MFC42.DLL
 0001:0000772e       ?GetMessageMap@CTabCtrl@@MBEPBUAFX_MSGMAP@@XZ 0040872e f   mfc42:MFC42.DLL
 0001:00007734       ?GetRuntimeClass@CTabCtrl@@UBEPAUCRuntimeClass@@XZ 00408734 f   mfc42:MFC42.DLL
 0001:0000773a       ?AfxFindResourceHandle@@YGPAUHINSTANCE__@@PBD0@Z 0040873a f   mfc42:MFC42.DLL
 0001:00007740       ?AfxGetModuleState@@YGPAVAFX_MODULE_STATE@@XZ 00408740 f   mfc42:MFC42.DLL
 0001:00007746       ?MoveWindow@CWnd@@QAEXHHHHH@Z 00408746 f   mfc42:MFC42.DLL
 0001:0000774c       ?Create@CDialog@@QAEHPBDPAVCWnd@@@Z 0040874c f   mfc42:MFC42.DLL
 0001:00007752       ?InsertItem@CTabCtrl@@QAEHIHPBDHJ@Z 00408752 f   mfc42:MFC42.DLL
 0001:00007758       ?LoadStringA@CString@@QAEHI@Z 00408758 f   mfc42:MFC42.DLL
 0001:0000775e       ?FromHandle@CMenu@@SGPAV1@PAUHMENU__@@@Z 0040875e f   mfc42:MFC42.DLL
 0001:00007764       ?Default@CWnd@@IAEJXZ      00408764 f   mfc42:MFC42.DLL
 0001:0000776a       ??1CPaintDC@@UAE@XZ        0040876a f   mfc42:MFC42.DLL
 0001:00007770       ??0CPaintDC@@QAE@PAVCWnd@@@Z 00408770 f   mfc42:MFC42.DLL
 0001:00007776       ___CxxFrameHandler         00408776 f   msvcrt:MSVCRT.dll
 0001:00007780       __onexit                   00408780 f   msvcrt:atonexit.obj
 0001:000077ac       _atexit                    004087ac f   msvcrt:atonexit.obj
 0001:000077be       _WinMainCRTStartup         004087be f   msvcrt:crtexew.obj
 0001:0000791c       ___dllonexit               0040891c f   msvcrt:MSVCRT.dll
 0001:00007922       __XcptFilter               00408922 f   msvcrt:MSVCRT.dll
 0001:00007928       __initterm                 00408928 f   msvcrt:MSVCRT.dll
 0001:0000792e       __setdefaultprecision      0040892e f   msvcrt:fp8.obj
 0001:00007940       __matherr                  00408940 f   msvcrt:merr.obj
 0001:00007943       __setargv                  00408943 f   msvcrt:dllargv.obj
 0001:00007944       __except_handler3          00408944 f   msvcrt:MSVCRT.dll
 0001:0000794a       __controlfp                0040894a f   msvcrt:MSVCRT.dll
 0001:00007950       _WinMain@16                00408950 f   mfcs42:appmodul.obj
 0001:00007968       ?AfxInitialize@@YGHHK@Z    00408968 f   mfcs42:appmodul.obj
 0001:000079a8       ?AfxWinMain@@YGHPAUHINSTANCE__@@0PADH@Z 004089a8 f   mfc42:MFC42.DLL
 0002:00000000       __imp__Sleep@4             0040a000     kernel32:KERNEL32.dll
 0002:00000004       __imp__GetStartupInfoA@4   0040a004     kernel32:KERNEL32.dll
 0002:00000008       __imp__GetModuleHandleA@4  0040a008     kernel32:KERNEL32.dll
 0002:0000000c       __imp__CreateThread@24     0040a00c     kernel32:KERNEL32.dll
 0002:00000010       __imp__CloseHandle@4       0040a010     kernel32:KERNEL32.dll
 0002:00000014       \177KERNEL32_NULL_THUNK_DATA 0040a014     kernel32:KERNEL32.dll
 0002:00000018       __imp_?openSer@@YGEH@Z     0040a018     Lib160:Lib160.dll
 0002:0000001c       __imp_?User_To_ASC@@YGHPAE00EEEEEEEEE@Z 0040a01c     Lib160:Lib160.dll
 0002:00000020       __imp_?MSR_GetTrackData@@YGHPAE00@Z 0040a020     Lib160:Lib160.dll
 0002:00000024       __imp_?MSR_ASC_Read@@YGHXZ 0040a024     Lib160:Lib160.dll
 0002:00000028       __imp_?MSR_Write_status@@YGHXZ 0040a028     Lib160:Lib160.dll
 0002:0000002c       __imp_?MSR_Write_SPEC@@YGHPAD00DDDDDDDDDDDD@Z 0040a02c     Lib160:Lib160.dll
 0002:00000030       __imp_?BAttrib@@YGEXZ      0040a030     Lib160:Lib160.dll
 0002:00000034       __imp_?BRequest@@YGEPAE@Z  0040a034     Lib160:Lib160.dll
 0002:00000038       __imp_?IccInit@@YGEEPAE@Z  0040a038     Lib160:Lib160.dll
 0002:0000003c       __imp_?one_two@@YGXPAEH0@Z 0040a03c     Lib160:Lib160.dll
 0002:00000040       __imp_?B_Apdu@@YGEDPAUAPDU_SEND@@PAUAPDU_RESP@@@Z 0040a040     Lib160:Lib160.dll
 0002:00000044       __imp_?IccIsoCommand@@YGEEPAUAPDU_SEND@@PAUAPDU_RESP@@@Z 0040a044     Lib160:Lib160.dll
 0002:00000048       __imp_?two_one@@YGXPAEH0@Z 0040a048     Lib160:Lib160.dll
 0002:0000004c       __imp_?MSR_ICCardID@@YGHEPAD@Z 0040a04c     Lib160:Lib160.dll
 0002:00000050       __imp_?IccClose@@YGXE@Z    0040a050     Lib160:Lib160.dll
 0002:00000054       __imp_?chk_4428@@YGHH@Z    0040a054     Lib160:Lib160.dll
 0002:00000058       __imp_?chk_4442@@YGHH@Z    0040a058     Lib160:Lib160.dll
 0002:0000005c       __imp_?Init4428@@YGEXZ     0040a05c     Lib160:Lib160.dll
 0002:00000060       __imp_?Init4442@@YGEXZ     0040a060     Lib160:Lib160.dll
 0002:00000064       __imp_?auto_init@@YGHXZ    0040a064     Lib160:Lib160.dll
 0002:00000068       __imp_?csc_4428@@YGHHHPAE@Z 0040a068     Lib160:Lib160.dll
 0002:0000006c       __imp_?csc_4442@@YGHHHPAE@Z 0040a06c     Lib160:Lib160.dll
 0002:00000070       __imp_?rsc_4428@@YGHHHPAE@Z 0040a070     Lib160:Lib160.dll
 0002:00000074       __imp_?rsc_4442@@YGHHHPAE@Z 0040a074     Lib160:Lib160.dll
 0002:00000078       __imp_?wsc_4428@@YGHHHPAE@Z 0040a078     Lib160:Lib160.dll
 0002:0000007c       __imp_?wsc_4442@@YGHHHPAE@Z 0040a07c     Lib160:Lib160.dll
 0002:00000080       __imp_?srd_4428@@YGHHHHPAE@Z 0040a080     Lib160:Lib160.dll
 0002:00000084       __imp_?srd_4442@@YGHHHHPAE@Z 0040a084     Lib160:Lib160.dll
 0002:00000088       __imp_?swr_4428@@YGHHHHPAE@Z 0040a088     Lib160:Lib160.dll
 0002:0000008c       __imp_?swr_4442@@YGHHHHPAE@Z 0040a08c     Lib160:Lib160.dll
 0002:00000090       __imp_?rdwpb_4428@@YGHHHHPAE@Z 0040a090     Lib160:Lib160.dll
 0002:00000094       __imp_?prd_4442@@YGHHHPAE@Z 0040a094     Lib160:Lib160.dll
 0002:00000098       __imp_?MSR_Init@@YGHXZ     0040a098     Lib160:Lib160.dll
 0002:0000009c       __imp_?pwr_4442@@YGHHHHPAE@Z 0040a09c     Lib160:Lib160.dll
 0002:000000a0       __imp_?rsct_4428@@YGHHPAH@Z 0040a0a0     Lib160:Lib160.dll
 0002:000000a4       __imp_?rsct_4442@@YGHHPAH@Z 0040a0a4     Lib160:Lib160.dll
 0002:000000a8       __imp_?InitAT@@YGEXZ       0040a0a8     Lib160:Lib160.dll
 0002:000000ac       __imp_?AT24_Read@@YGEPAE0D0@Z 0040a0ac     Lib160:Lib160.dll
 0002:000000b0       __imp_?AT24_Write@@YGEPAE0D0@Z 0040a0b0     Lib160:Lib160.dll
 0002:000000b4       __imp_?M1Authority@@YGEEEPAE@Z 0040a0b4     Lib160:Lib160.dll
 0002:000000b8       __imp_?M1Select@@YGEPAE@Z  0040a0b8     Lib160:Lib160.dll
 0002:000000bc       __imp_?M1Request@@YGEEPAE@Z 0040a0bc     Lib160:Lib160.dll
 0002:000000c0       __imp_?M1ReadBlock@@YGEEPAE@Z 0040a0c0     Lib160:Lib160.dll
 0002:000000c4       __imp_?M1WriteBlock@@YGEEPAE@Z 0040a0c4     Lib160:Lib160.dll
 0002:000000c8       __imp_?M1ReadSec@@YGEEPAEEE0E0E@Z 0040a0c8     Lib160:Lib160.dll
 0002:000000cc       __imp_?M1WriteSec@@YGEEPAEEE0EE0E@Z 0040a0cc     Lib160:Lib160.dll
 0002:000000d0       __imp_?M500PiccHalt@@YGEXZ 0040a0d0     Lib160:Lib160.dll
 0002:000000d4       __imp_?piccchangesinglekey@@YGEEPAEEE00@Z 0040a0d4     Lib160:Lib160.dll
 0002:000000d8       __imp_?ULSelect@@YGEPAE@Z  0040a0d8     Lib160:Lib160.dll
 0002:000000dc       __imp_?ULRequest@@YGEEPAE0@Z 0040a0dc     Lib160:Lib160.dll
 0002:000000e0       __imp_?ULWrite@@YGEEPAE@Z  0040a0e0     Lib160:Lib160.dll
 0002:000000e4       __imp_?writeIDReset@@YGEXZ 0040a0e4     Lib160:Lib160.dll
 0002:000000e8       __imp_?GetEndDate@@YGEPAD@Z 0040a0e8     Lib160:Lib160.dll
 0002:000000ec       __imp_?GetStartDate@@YGEPAD@Z 0040a0ec     Lib160:Lib160.dll
 0002:000000f0       __imp_?GetDepartment@@YGEPAD@Z 0040a0f0     Lib160:Lib160.dll
 0002:000000f4       __imp_?GetPeopleIDCode@@YGEPAD@Z 0040a0f4     Lib160:Lib160.dll
 0002:000000f8       __imp_?GetPeopleAddress@@YGEPAD@Z 0040a0f8     Lib160:Lib160.dll
 0002:000000fc       __imp_?GetPeopleBirthday@@YGEPAD@Z 0040a0fc     Lib160:Lib160.dll
 0002:00000100       __imp_?GetPeopleNation@@YGEPAD@Z 0040a100     Lib160:Lib160.dll
 0002:00000104       __imp_?GetPeopleSex@@YGEPAD@Z 0040a104     Lib160:Lib160.dll
 0002:00000108       __imp_?GetPeopleName@@YGEPAE@Z 0040a108     Lib160:Lib160.dll
 0002:0000010c       __imp_?writeIDData@@YGEXZ  0040a10c     Lib160:Lib160.dll
 0002:00000110       __imp_?writeIDOff@@YGEXZ   0040a110     Lib160:Lib160.dll
 0002:00000114       __imp_?ReadSN@@YGEPAE@Z    0040a114     Lib160:Lib160.dll
 0002:00000118       __imp_?InitDev@@YGEEJ@Z    0040a118     Lib160:Lib160.dll
 0002:0000011c       __imp_?MSR_DoCancel@@YGHXZ 0040a11c     Lib160:Lib160.dll
 0002:00000120       __imp_?MSR_Set_LoCo@@YGHXZ 0040a120     Lib160:Lib160.dll
 0002:00000124       __imp_?MSR_Set_HiCo@@YGHXZ 0040a124     Lib160:Lib160.dll
 0002:00000128       __imp_?MagSwiped@@YGEXZ    0040a128     Lib160:Lib160.dll
 0002:0000012c       __imp_?pwr_4428@@YGHHHHPAE@Z 0040a12c     Lib160:Lib160.dll
 0002:00000130       __imp_?MagRead_DES@@YGEPAE00@Z 0040a130     Lib160:Lib160.dll
 0002:00000134       \177Lib160_NULL_THUNK_DATA 0040a134     Lib160:Lib160.dll
 0002:00000138       __imp_?PreInitDialog@CDialog@@MAEXXZ 0040a138     mfc42:MFC42.DLL
 0002:0000013c       __imp_?OnSetFont@CDialog@@UAEXPAVCFont@@@Z 0040a13c     mfc42:MFC42.DLL
 0002:00000140       __imp_?DoModal@CDialog@@UAEHXZ 0040a140     mfc42:MFC42.DLL
 0002:00000144       __imp_?SetOccDialogInfo@CDialog@@MAEHPAU_AFX_OCC_DIALOG_INFO@@@Z 0040a144     mfc42:MFC42.DLL
 0002:00000148       __imp_?IsFrameWnd@CWnd@@UBEHXZ 0040a148     mfc42:MFC42.DLL
 0002:0000014c       __imp_?CheckAutoCenter@CDialog@@UAEHXZ 0040a14c     mfc42:MFC42.DLL
 0002:00000150       __imp_?OnChildNotify@CWnd@@MAEHIIJPAJ@Z 0040a150     mfc42:MFC42.DLL
 0002:00000154       __imp_?PostNcDestroy@CWnd@@MAEXXZ 0040a154     mfc42:MFC42.DLL
 0002:00000158       __imp_?DefWindowProcA@CWnd@@MAEJIIJ@Z 0040a158     mfc42:MFC42.DLL
 0002:0000015c       __imp_?OnWndMsg@CWnd@@MAEHIIJPAJ@Z 0040a15c     mfc42:MFC42.DLL
 0002:00000160       __imp_?WindowProc@CWnd@@MAEJIIJ@Z 0040a160     mfc42:MFC42.DLL
 0002:00000164       __imp_?OnAmbientProperty@CWnd@@UAEHPAVCOleControlSite@@JPAUtagVARIANT@@@Z 0040a164     mfc42:MFC42.DLL
 0002:00000168       __imp_?PreTranslateMessage@CDialog@@UAEHPAUtagMSG@@@Z 0040a168     mfc42:MFC42.DLL
 0002:0000016c       __imp_?GetSuperWndProcAddr@CWnd@@MAEPAP6GJPAUHWND__@@IIJ@ZXZ 0040a16c     mfc42:MFC42.DLL
 0002:00000170       __imp_?OnNotify@CWnd@@MAEHIJPAJ@Z 0040a170     mfc42:MFC42.DLL
 0002:00000174       __imp_?OnCommand@CWnd@@MAEHIJ@Z 0040a174     mfc42:MFC42.DLL
 0002:00000178       __imp_?EndModalLoop@CWnd@@UAEXH@Z 0040a178     mfc42:MFC42.DLL
 0002:0000017c       __imp_?ContinueModal@CWnd@@UAEHXZ 0040a17c     mfc42:MFC42.DLL
 0002:00000180       __imp_?WinHelpA@CWnd@@UAEXKI@Z 0040a180     mfc42:MFC42.DLL
 0002:00000184       __imp_?GetScrollBarCtrl@CWnd@@UBEPAVCScrollBar@@H@Z 0040a184     mfc42:MFC42.DLL
 0002:00000188       __imp_?OnToolHitTest@CWnd@@UBEHVCPoint@@PAUtagTOOLINFOA@@@Z 0040a188     mfc42:MFC42.DLL
 0002:0000018c       __imp_?CalcWindowRect@CWnd@@UAEXPAUtagRECT@@I@Z 0040a18c     mfc42:MFC42.DLL
 0002:00000190       __imp_?PreCreateWindow@CWnd@@UAEHAAUtagCREATESTRUCTA@@@Z 0040a190     mfc42:MFC42.DLL
 0002:00000194       __imp_?DestroyWindow@CWnd@@UAEHXZ 0040a194     mfc42:MFC42.DLL
 0002:00000198       __imp_?Create@CWnd@@UAEHPBD0KABUtagRECT@@PAV1@IPAUCCreateContext@@@Z 0040a198     mfc42:MFC42.DLL
 0002:0000019c       __imp_?PreSubclassWindow@CWnd@@UAEXXZ 0040a19c     mfc42:MFC42.DLL
 0002:000001a0       __imp_?GetConnectionHook@CCmdTarget@@MAEPAUIConnectionPoint@@ABU_GUID@@@Z 0040a1a0     mfc42:MFC42.DLL
 0002:000001a4       __imp_?GetExtraConnectionPoints@CCmdTarget@@MAEHPAVCPtrArray@@@Z 0040a1a4     mfc42:MFC42.DLL
 0002:000001a8       __imp_?GetRuntimeClass@CEdit@@UBEPAUCRuntimeClass@@XZ 0040a1a8     mfc42:MFC42.DLL
 0002:000001ac       __imp_?OnCreateAggregates@CCmdTarget@@UAEHXZ 0040a1ac     mfc42:MFC42.DLL
 0002:000001b0       __imp_?GetEventSinkMap@CCmdTarget@@MBEPBUAFX_EVENTSINKMAP@@XZ 0040a1b0     mfc42:MFC42.DLL
 0002:000001b4       __imp_?GetInterfaceMap@CCmdTarget@@MBEPBUAFX_INTERFACEMAP@@XZ 0040a1b4     mfc42:MFC42.DLL
 0002:000001b8       __imp_?GetConnectionMap@CCmdTarget@@MBEPBUAFX_CONNECTIONMAP@@XZ 0040a1b8     mfc42:MFC42.DLL
 0002:000001bc       __imp_?GetDispatchMap@CCmdTarget@@MBEPBUAFX_DISPMAP@@XZ 0040a1bc     mfc42:MFC42.DLL
 0002:000001c0       __imp_?GetCommandMap@CCmdTarget@@MBEPBUAFX_OLECMDMAP@@XZ 0040a1c0     mfc42:MFC42.DLL
 0002:000001c4       __imp_?GetTypeLib@CCmdTarget@@UAEJKPAPAUITypeLib@@@Z 0040a1c4     mfc42:MFC42.DLL
 0002:000001c8       __imp_?GetTypeLibCache@CCmdTarget@@UAEPAVCTypeLibCache@@XZ 0040a1c8     mfc42:MFC42.DLL
 0002:000001cc       __imp_?GetTypeInfoCount@CCmdTarget@@UAEIXZ 0040a1cc     mfc42:MFC42.DLL
 0002:000001d0       __imp_?GetDispatchIID@CCmdTarget@@UAEHPAU_GUID@@@Z 0040a1d0     mfc42:MFC42.DLL
 0002:000001d4       __imp_?IsInvokeAllowed@CCmdTarget@@UAEHJ@Z 0040a1d4     mfc42:MFC42.DLL
 0002:000001d8       __imp_?OnFinalRelease@CWnd@@UAEXXZ 0040a1d8     mfc42:MFC42.DLL
 0002:000001dc       __imp_?OnCmdMsg@CDialog@@UAEHIHPAXPAUAFX_CMDHANDLERINFO@@@Z 0040a1dc     mfc42:MFC42.DLL
 0002:000001e0       __imp_?GetRuntimeClass@CDialog@@UBEPAUCRuntimeClass@@XZ 0040a1e0     mfc42:MFC42.DLL
 0002:000001e4       __imp_??1CDialog@@UAE@XZ   0040a1e4     mfc42:MFC42.DLL
 0002:000001e8       __imp_??0CWnd@@QAE@XZ      0040a1e8     mfc42:MFC42.DLL
 0002:000001ec       __imp_??0CDialog@@QAE@IPAVCWnd@@@Z 0040a1ec     mfc42:MFC42.DLL
 0002:000001f0       __imp_??3@YAXPAX@Z         0040a1f0     mfc42:MFC42.DLL
 0002:000001f4       __imp_??1CEdit@@UAE@XZ     0040a1f4     mfc42:MFC42.DLL
 0002:000001f8       __imp_?DDX_Control@@YGXPAVCDataExchange@@HAAVCWnd@@@Z 0040a1f8     mfc42:MFC42.DLL
 0002:000001fc       __imp_?messageMap@CDialog@@1UAFX_MSGMAP@@B 0040a1fc     mfc42:MFC42.DLL
 0002:00000200       __imp_??1CString@@QAE@XZ   0040a200     mfc42:MFC42.DLL
 0002:00000204       __imp_??4CString@@QAEABV0@PBD@Z 0040a204     mfc42:MFC42.DLL
 0002:00000208       __imp_?SetDlgItemTextA@CWnd@@QAEXHPBD@Z 0040a208     mfc42:MFC42.DLL
 0002:0000020c       __imp_??0CString@@QAE@XZ   0040a20c     mfc42:MFC42.DLL
 0002:00000210       __imp_?MessageBoxA@CWnd@@QAEHPBD0I@Z 0040a210     mfc42:MFC42.DLL
 0002:00000214       __imp_?SetWindowTextA@CWnd@@QAEXPBD@Z 0040a214     mfc42:MFC42.DLL
 0002:00000218       __imp_?GetDlgItem@CWnd@@QBEPAV1@H@Z 0040a218     mfc42:MFC42.DLL
 0002:0000021c       __imp_?ShowWindow@CWnd@@QAEHH@Z 0040a21c     mfc42:MFC42.DLL
 0002:00000220       __imp_?OnInitDialog@CDialog@@UAEHXZ 0040a220     mfc42:MFC42.DLL
 0002:00000224       __imp_?EnableWindow@CWnd@@QAEHH@Z 0040a224     mfc42:MFC42.DLL
 0002:00000228       __imp_??H@YG?AVCString@@PBDABV0@@Z 0040a228     mfc42:MFC42.DLL
 0002:0000022c       __imp_?Format@CString@@QAAXPBDZZ 0040a22c     mfc42:MFC42.DLL
 0002:00000230       __imp_?GetDlgItemTextA@CWnd@@QBEHHAAVCString@@@Z 0040a230     mfc42:MFC42.DLL
 0002:00000234       __imp_?Right@CString@@QBE?AV1@H@Z 0040a234     mfc42:MFC42.DLL
 0002:00000238       __imp_??4CString@@QAEABV0@ABV0@@Z 0040a238     mfc42:MFC42.DLL
 0002:0000023c       __imp_?Left@CString@@QBE?AV1@H@Z 0040a23c     mfc42:MFC42.DLL
 0002:00000240       __imp_?GetWindowTextA@CWnd@@QBEXAAVCString@@@Z 0040a240     mfc42:MFC42.DLL
 0002:00000244       __imp_??0CString@@QAE@PBD@Z 0040a244     mfc42:MFC42.DLL
 0002:00000248       __imp_??H@YG?AVCString@@ABV0@0@Z 0040a248     mfc42:MFC42.DLL
 0002:0000024c       __imp_??0CString@@QAE@ABV0@@Z 0040a24c     mfc42:MFC42.DLL
 0002:00000250       __imp_?MakeUpper@CString@@QAEXXZ 0040a250     mfc42:MFC42.DLL
 0002:00000254       __imp_?OnCancel@CDialog@@MAEXXZ 0040a254     mfc42:MFC42.DLL
 0002:00000258       __imp_?OnOK@CDialog@@MAEXXZ 0040a258     mfc42:MFC42.DLL
 0002:0000025c       __imp_?GetDlgItemInt@CWnd@@QBEIHPAHH@Z 0040a25c     mfc42:MFC42.DLL
 0002:00000260       __imp_??H@YG?AVCString@@ABV0@PBD@Z 0040a260     mfc42:MFC42.DLL
 0002:00000264       __imp_?DeleteItem@CComboBox@@UAEXPAUtagDELETEITEMSTRUCT@@@Z 0040a264     mfc42:MFC42.DLL
 0002:00000268       __imp_?CompareItem@CComboBox@@UAEHPAUtagCOMPAREITEMSTRUCT@@@Z 0040a268     mfc42:MFC42.DLL
 0002:0000026c       __imp_?MeasureItem@CComboBox@@UAEXPAUtagMEASUREITEMSTRUCT@@@Z 0040a26c     mfc42:MFC42.DLL
 0002:00000270       __imp_?DrawItem@CComboBox@@UAEXPAUtagDRAWITEMSTRUCT@@@Z 0040a270     mfc42:MFC42.DLL
 0002:00000274       __imp_?OnChildNotify@CComboBox@@MAEHIIJPAJ@Z 0040a274     mfc42:MFC42.DLL
 0002:00000278       __imp_?GetRuntimeClass@CComboBox@@UBEPAUCRuntimeClass@@XZ 0040a278     mfc42:MFC42.DLL
 0002:0000027c       __imp_??1CComboBox@@UAE@XZ 0040a27c     mfc42:MFC42.DLL
 0002:00000280       __imp_?GetRuntimeClass@CStatic@@UBEPAUCRuntimeClass@@XZ 0040a280     mfc42:MFC42.DLL
 0002:00000284       __imp_??1CStatic@@UAE@XZ   0040a284     mfc42:MFC42.DLL
 0002:00000288       __imp_?ModifyStyle@CWnd@@QAEHKKI@Z 0040a288     mfc42:MFC42.DLL
 0002:0000028c       __imp_?messageMap@CWnd@@1UAFX_MSGMAP@@B 0040a28c     mfc42:MFC42.DLL
 0002:00000290       __imp_?OnHelp@CWinApp@@IAEXXZ 0040a290     mfc42:MFC42.DLL
 0002:00000294       __imp_?messageMap@CWinApp@@1UAFX_MSGMAP@@B 0040a294     mfc42:MFC42.DLL
 0002:00000298       __imp_?WinHelpA@CWinApp@@UAEXKI@Z 0040a298     mfc42:MFC42.DLL
 0002:0000029c       __imp_?OnDDECommand@CWinApp@@UAEHPAD@Z 0040a29c     mfc42:MFC42.DLL
 0002:000002a0       __imp_?DoWaitCursor@CWinApp@@UAEXH@Z 0040a2a0     mfc42:MFC42.DLL
 0002:000002a4       __imp_?DoMessageBox@CWinApp@@UAEHPBDII@Z 0040a2a4     mfc42:MFC42.DLL
 0002:000002a8       __imp_?SaveAllModified@CWinApp@@UAEHXZ 0040a2a8     mfc42:MFC42.DLL
 0002:000002ac       __imp_?InitApplication@CWinApp@@UAEHXZ 0040a2ac     mfc42:MFC42.DLL
 0002:000002b0       __imp_?AddToRecentFileList@CWinApp@@UAEXPBD@Z 0040a2b0     mfc42:MFC42.DLL
 0002:000002b4       __imp_?OpenDocumentFile@CWinApp@@UAEPAVCDocument@@PBD@Z 0040a2b4     mfc42:MFC42.DLL
 0002:000002b8       __imp_?Delete@CWinThread@@UAEXXZ 0040a2b8     mfc42:MFC42.DLL
 0002:000002bc       __imp_?GetMainWnd@CWinThread@@UAEPAVCWnd@@XZ 0040a2bc     mfc42:MFC42.DLL
 0002:000002c0       __imp_?ProcessMessageFilter@CWinThread@@UAEHHPAUtagMSG@@@Z 0040a2c0     mfc42:MFC42.DLL
 0002:000002c4       __imp_?ProcessWndProcException@CWinApp@@UAEJPAVCException@@PBUtagMSG@@@Z 0040a2c4     mfc42:MFC42.DLL
 0002:000002c8       __imp_?ExitInstance@CWinApp@@UAEHXZ 0040a2c8     mfc42:MFC42.DLL
 0002:000002cc       __imp_?IsIdleMessage@CWinThread@@UAEHPAUtagMSG@@@Z 0040a2cc     mfc42:MFC42.DLL
 0002:000002d0       __imp_?OnIdle@CWinApp@@UAEHJ@Z 0040a2d0     mfc42:MFC42.DLL
 0002:000002d4       __imp_?PumpMessage@CWinThread@@UAEHXZ 0040a2d4     mfc42:MFC42.DLL
 0002:000002d8       __imp_?PreTranslateMessage@CWinThread@@UAEHPAUtagMSG@@@Z 0040a2d8     mfc42:MFC42.DLL
 0002:000002dc       __imp_?Run@CWinApp@@UAEHXZ 0040a2dc     mfc42:MFC42.DLL
 0002:000002e0       __imp_?OnFinalRelease@CCmdTarget@@UAEXXZ 0040a2e0     mfc42:MFC42.DLL
 0002:000002e4       __imp_?GetRuntimeClass@CWinApp@@UBEPAUCRuntimeClass@@XZ 0040a2e4     mfc42:MFC42.DLL
 0002:000002e8       __imp_??0CWinApp@@QAE@PBD@Z 0040a2e8     mfc42:MFC42.DLL
 0002:000002ec       __imp_??1CWinApp@@UAE@XZ   0040a2ec     mfc42:MFC42.DLL
 0002:000002f0       __imp_??1CTabCtrl@@UAE@XZ  0040a2f0     mfc42:MFC42.DLL
 0002:000002f4       __imp_?Enable3dControls@CWinApp@@IAEHXZ 0040a2f4     mfc42:MFC42.DLL
 0002:000002f8       __imp_?AfxEnableControlContainer@@YAXPAVCOccManager@@@Z 0040a2f8     mfc42:MFC42.DLL
 0002:000002fc       __imp_?DrawItem@CTabCtrl@@UAEXPAUtagDRAWITEMSTRUCT@@@Z 0040a2fc     mfc42:MFC42.DLL
 0002:00000300       __imp_?OnChildNotify@CTabCtrl@@MAEHIIJPAJ@Z 0040a300     mfc42:MFC42.DLL
 0002:00000304       __imp_?GetMessageMap@CTabCtrl@@MBEPBUAFX_MSGMAP@@XZ 0040a304     mfc42:MFC42.DLL
 0002:00000308       __imp_?GetRuntimeClass@CTabCtrl@@UBEPAUCRuntimeClass@@XZ 0040a308     mfc42:MFC42.DLL
 0002:0000030c       __imp_?AfxFindResourceHandle@@YGPAUHINSTANCE__@@PBD0@Z 0040a30c     mfc42:MFC42.DLL
 0002:00000310       __imp_?AfxGetModuleState@@YGPAVAFX_MODULE_STATE@@XZ 0040a310     mfc42:MFC42.DLL
 0002:00000314       __imp_?MoveWindow@CWnd@@QAEXHHHHH@Z 0040a314     mfc42:MFC42.DLL
 0002:00000318       __imp_?Create@CDialog@@QAEHPBDPAVCWnd@@@Z 0040a318     mfc42:MFC42.DLL
 0002:0000031c       __imp_?InsertItem@CTabCtrl@@QAEHIHPBDHJ@Z 0040a31c     mfc42:MFC42.DLL
 0002:00000320       __imp_?LoadStringA@CString@@QAEHI@Z 0040a320     mfc42:MFC42.DLL
 0002:00000324       __imp_?FromHandle@CMenu@@SGPAV1@PAUHMENU__@@@Z 0040a324     mfc42:MFC42.DLL
 0002:00000328       __imp_?Default@CWnd@@IAEJXZ 0040a328     mfc42:MFC42.DLL
 0002:0000032c       __imp_??1CPaintDC@@UAE@XZ  0040a32c     mfc42:MFC42.DLL
 0002:00000330       __imp_??0CPaintDC@@QAE@PAVCWnd@@@Z 0040a330     mfc42:MFC42.DLL
 0002:00000334       __imp_?OnCmdMsg@CCmdTarget@@UAEHIHPAXPAUAFX_CMDHANDLERINFO@@@Z 0040a334     mfc42:MFC42.DLL
 0002:00000338       __imp_?GetMessageMap@CWnd@@MBEPBUAFX_MSGMAP@@XZ 0040a338     mfc42:MFC42.DLL
 0002:0000033c       __imp_?PreTranslateMessage@CWnd@@UAEHPAUtagMSG@@@Z 0040a33c     mfc42:MFC42.DLL
 0002:00000340       __imp_?CheckAutoCenter@CWnd@@UAEHXZ 0040a340     mfc42:MFC42.DLL
 0002:00000344       __imp_?SetOccDialogInfo@CWnd@@MAEHPAU_AFX_OCC_DIALOG_INFO@@@Z 0040a344     mfc42:MFC42.DLL
 0002:00000348       __imp_?GetInterfaceHook@CCmdTarget@@UAEPAUIUnknown@@PBX@Z 0040a348     mfc42:MFC42.DLL
 0002:0000034c       __imp_?AfxWinMain@@YGHPAUHINSTANCE__@@0PADH@Z 0040a34c     mfc42:MFC42.DLL
 0002:00000350       \177MFC42_NULL_THUNK_DATA  0040a350     mfc42:MFC42.DLL
 0002:00000354       __imp___acmdln             0040a354     msvcrt:MSVCRT.dll
 0002:00000358       __imp____getmainargs       0040a358     msvcrt:MSVCRT.dll
 0002:0000035c       __imp___initterm           0040a35c     msvcrt:MSVCRT.dll
 0002:00000360       __imp____setusermatherr    0040a360     msvcrt:MSVCRT.dll
 0002:00000364       __imp___adjust_fdiv        0040a364     msvcrt:MSVCRT.dll
 0002:00000368       __imp____p__commode        0040a368     msvcrt:MSVCRT.dll
 0002:0000036c       __imp____p__fmode          0040a36c     msvcrt:MSVCRT.dll
 0002:00000370       __imp____set_app_type      0040a370     msvcrt:MSVCRT.dll
 0002:00000374       __imp___except_handler3    0040a374     msvcrt:MSVCRT.dll
 0002:00000378       __imp___controlfp          0040a378     msvcrt:MSVCRT.dll
 0002:0000037c       __imp___XcptFilter         0040a37c     msvcrt:MSVCRT.dll
 0002:00000380       __imp___exit               0040a380     msvcrt:MSVCRT.dll
 0002:00000384       __imp___onexit             0040a384     msvcrt:MSVCRT.dll
 0002:00000388       __imp____dllonexit         0040a388     msvcrt:MSVCRT.dll
 0002:0000038c       __imp___mbscmp             0040a38c     msvcrt:MSVCRT.dll
 0002:00000390       __imp____CxxFrameHandler   0040a390     msvcrt:MSVCRT.dll
 0002:00000394       __imp___setmbcp            0040a394     msvcrt:MSVCRT.dll
 0002:00000398       __imp__exit                0040a398     msvcrt:MSVCRT.dll
 0002:0000039c       \177MSVCRT_NULL_THUNK_DATA 0040a39c     msvcrt:MSVCRT.dll
 0002:000003a0       __imp__LoadImageA@24       0040a3a0     user32:USER32.dll
 0002:000003a4       __imp__LoadIconA@8         0040a3a4     user32:USER32.dll
 0002:000003a8       __imp__GetClientRect@8     0040a3a8     user32:USER32.dll
 0002:000003ac       __imp__AppendMenuA@16      0040a3ac     user32:USER32.dll
 0002:000003b0       __imp__GetSystemMenu@8     0040a3b0     user32:USER32.dll
 0002:000003b4       __imp__DrawIcon@16         0040a3b4     user32:USER32.dll
 0002:000003b8       __imp__GetSystemMetrics@4  0040a3b8     user32:USER32.dll
 0002:000003bc       __imp__IsIconic@4          0040a3bc     user32:USER32.dll
 0002:000003c0       __imp__SendMessageA@16     0040a3c0     user32:USER32.dll
 0002:000003c4       __imp__EnableWindow@8      0040a3c4     user32:USER32.dll
 0002:000003c8       \177USER32_NULL_THUNK_DATA 0040a3c8     user32:USER32.dll
 0002:000003d0       ?messageMap@CDialog1@@1UAFX_MSGMAP@@B 0040a3d0     Dialog1.obj
 0002:000003d8       ?_messageEntries@CDialog1@@0QBUAFX_MSGMAP_ENTRY@@B 0040a3d8     Dialog1.obj
 0002:000004c8       ??_7CDialog1@@6B@          0040a4c8     Dialog1.obj
 0002:000005a0       ??_7CEdit@@6B@             0040a5a0     Dialog1.obj
 0002:00000660       ?messageMap@CDialog2@@1UAFX_MSGMAP@@B 0040a660     Dialog2.obj
 0002:00000668       ?_messageEntries@CDialog2@@0QBUAFX_MSGMAP_ENTRY@@B 0040a668     Dialog2.obj
 0002:00000728       ??_7CDialog2@@6B@          0040a728     Dialog2.obj
 0002:00000800       ?messageMap@CDialog3@@1UAFX_MSGMAP@@B 0040a800     Dialog3.obj
 0002:00000808       ?_messageEntries@CDialog3@@0QBUAFX_MSGMAP_ENTRY@@B 0040a808     Dialog3.obj
 0002:00000958       ??_7CDialog3@@6B@          0040a958     Dialog3.obj
 0002:00000a30       ??_7CComboBox@@6B@         0040aa30     Dialog3.obj
 0002:00000b00       ?messageMap@CDialog4@@1UAFX_MSGMAP@@B 0040ab00     Dialog4.obj
 0002:00000b08       ?_messageEntries@CDialog4@@0QBUAFX_MSGMAP_ENTRY@@B 0040ab08     Dialog4.obj
 0002:00000bc8       ??_7CDialog4@@6B@          0040abc8     Dialog4.obj
 0002:00000ca0       ?messageMap@CDialog5@@1UAFX_MSGMAP@@B 0040aca0     Dialog5.obj
 0002:00000ca8       ?_messageEntries@CDialog5@@0QBUAFX_MSGMAP_ENTRY@@B 0040aca8     Dialog5.obj
 0002:00000cd8       ??_7CDialog5@@6B@          0040acd8     Dialog5.obj
 0002:00000db0       ?messageMap@CDialog6@@1UAFX_MSGMAP@@B 0040adb0     Dialog6.obj
 0002:00000db8       ?_messageEntries@CDialog6@@0QBUAFX_MSGMAP_ENTRY@@B 0040adb8     Dialog6.obj
 0002:00000de8       ??_7CDialog6@@6B@          0040ade8     Dialog6.obj
 0002:00000ec0       ??_7CStatic@@6B@           0040aec0     Dialog6.obj
 0002:00000f80       ?messageMap@Cedit2_click@@1UAFX_MSGMAP@@B 0040af80     edit2_click.obj
 0002:00000f88       ?_messageEntries@Cedit2_click@@0QBUAFX_MSGMAP_ENTRY@@B 0040af88     edit2_click.obj
 0002:00000fa0       ?messageMap@CM160App@@1UAFX_MSGMAP@@B 0040afa0     m160.obj
 0002:00000fa8       ?_messageEntries@CM160App@@0QBUAFX_MSGMAP_ENTRY@@B 0040afa8     m160.obj
 0002:00000fd8       ??_7CM160App@@6B@          0040afd8     m160.obj
 0002:00001080       ?messageMap@CAboutDlg@@1UAFX_MSGMAP@@B 0040b080     m160Dlg.obj
 0002:00001088       ?_messageEntries@CAboutDlg@@0QBUAFX_MSGMAP_ENTRY@@B 0040b088     m160Dlg.obj
 0002:000010a0       ?messageMap@CM160Dlg@@1UAFX_MSGMAP@@B 0040b0a0     m160Dlg.obj
 0002:000010a8       ?_messageEntries@CM160Dlg@@0QBUAFX_MSGMAP_ENTRY@@B 0040b0a8     m160Dlg.obj
 0002:000011e0       ??_7CAboutDlg@@6B@         0040b1e0     m160Dlg.obj
 0002:000012b8       ??_7CM160Dlg@@6B@          0040b2b8     m160Dlg.obj
 0002:00001390       ??_7CTabCtrl@@6B@          0040b390     m160Dlg.obj
 0002:00001458       ?messageMap@ReadInfo@@1UAFX_MSGMAP@@B 0040b458     ReadInfo.obj
 0002:00001460       ?_messageEntries@ReadInfo@@0QBUAFX_MSGMAP_ENTRY@@B 0040b460     ReadInfo.obj
 0002:00001478       ??_7ReadInfo@@6B@          0040b478     ReadInfo.obj
 0002:00002340       __IMPORT_DESCRIPTOR_Lib160 0040c340     Lib160:Lib160.dll
 0002:00002354       __IMPORT_DESCRIPTOR_MFC42  0040c354     mfc42:MFC42.DLL
 0002:00002368       __IMPORT_DESCRIPTOR_MSVCRT 0040c368     msvcrt:MSVCRT.dll
 0002:0000237c       __IMPORT_DESCRIPTOR_KERNEL32 0040c37c     kernel32:KERNEL32.dll
 0002:00002390       __IMPORT_DESCRIPTOR_USER32 0040c390     user32:USER32.dll
 0002:000023a4       __NULL_IMPORT_DESCRIPTOR   0040c3a4     Lib160:Lib160.dll
 0003:00000000       ___xc_a                    0040d000     msvcrt:cinitexe.obj
 0003:0000000c       ___xc_z                    0040d00c     msvcrt:cinitexe.obj
 0003:00000010       ___xi_a                    0040d010     msvcrt:cinitexe.obj
 0003:00000014       ___xi_z                    0040d014     msvcrt:cinitexe.obj
 0003:00000020       ?tr1bit@@3HA               0040d020     Dialog1.obj
 0003:00000024       ?tr2bit@@3HA               0040d024     Dialog1.obj
 0003:00000028       ?tr3bit@@3HA               0040d028     Dialog1.obj
 0003:0000002c       ?SS1@@3HA                  0040d02c     Dialog1.obj
 0003:00000030       ?SS2@@3HA                  0040d030     Dialog1.obj
 0003:00000034       ?SS3@@3HA                  0040d034     Dialog1.obj
 0003:00000038       ?ES1@@3HA                  0040d038     Dialog1.obj
 0003:0000003c       ?ES2@@3HA                  0040d03c     Dialog1.obj
 0003:00000040       ?ES3@@3HA                  0040d040     Dialog1.obj
 0003:00000044       ??_C@_07PGOJ@Read?5?9?$DO?$AA@ 0040d044     Dialog1.obj
 0003:0000004c       ??_C@_08CAPK@Read?5?9?9?$DO?$AA@ 0040d04c     Dialog1.obj
 0003:00000058       ??_C@_09HCM@Read?5?9?9?9?$DO?$AA@ 0040d058     Dialog1.obj
 0003:00000064       ??_C@_0N@DFI@unconnect?4?4?4?$AA@ 0040d064     Dialog1.obj
 0003:00000074       ??_C@_0BJ@HEDF@please?5use?5Read?9Write?4?4?4?$AA@ 0040d074     Dialog1.obj
 0003:00000090       ??_C@_06JKCI@error?3?$AA@  0040d090     Dialog1.obj
 0003:00000098       ??_C@_03NAME@?4?4?4?$AA@   0040d098     Dialog1.obj
 0003:0000009c       ??_C@_0O@EHB@?$LD?u?J?$LM?$LL?$KP?$LD?I?$LJ?$KG?4?4?4?$AA@ 0040d09c     Dialog1.obj
 0003:000000ac       ??_C@_0BB@GBAC@U?$LP?Z?$LD?u?J?$LM?$LL?$KP?J?$KH?$LA?$NM?4?4?4?$AA@ 0040d0ac     Dialog1.obj
 0003:000000c0       ??_C@_0O@KGNO@?$LD?u?J?$LM?$LL?$KP?J?$KH?$LA?$NM?4?4?4?$AA@ 0040d0c0     Dialog1.obj
 0003:000000d0       ??_C@_0M@HOEN@?M?$KI?Q?$LG?J?$KH?$LA?$NM?4?4?4?$AA@ 0040d0d0     Dialog1.obj
 0003:000000dc       ??_C@_0BI@HKNK@please?5use?5Read?9Only?4?4?4?$AA@ 0040d0dc     Dialog1.obj
 0003:000000f4       ??_C@_0M@POAO@write?5Error?$AA@ 0040d0f4     Dialog1.obj
 0003:00000100       ??_C@_09MFIP@Failed?4?4?4?$AA@ 0040d100     Dialog1.obj
 0003:0000010c       ??_C@_0P@OLMK@Write?5succeed?3?$AA@ 0040d10c     Dialog1.obj
 0003:0000011c       ??_C@_02MECO@?$CFd?$AA@    0040d11c     Dialog1.obj
 0003:00000120       ??_C@_08KJOO@Write?5?9?$DO?$AA@ 0040d120     Dialog1.obj
 0003:0000012c       ??_C@_09CLKF@Write?5?9?9?$DO?$AA@ 0040d12c     Dialog1.obj
 0003:00000138       ??_C@_0L@GECH@Write?5?9?9?9?$DO?$AA@ 0040d138     Dialog1.obj
 0003:00000144       ??_C@_0BD@LPCN@track?53?5no?5data?4?4?4?$AA@ 0040d144     Dialog1.obj
 0003:00000158       ??_C@_0BD@NCMH@track?52?5no?5data?4?4?4?$AA@ 0040d158     Dialog1.obj
 0003:0000016c       ??_C@_0BD@GEPI@track?51?5no?5data?4?4?4?$AA@ 0040d16c     Dialog1.obj
 0003:00000180       ??_C@_0O@OOPB@?G?k?J?d?H?k?J?$PN?$LO?$NN?4?4?4?$AA@ 0040d180     Dialog1.obj
 0003:00000190       ?CPU_CardType@@3HA         0040d190     Dialog2.obj
 0003:00000194       ??_C@_05OOAB@?$CF02x?5?$AA@ 0040d194     Dialog2.obj
 0003:0000019c       ??_C@_08JNGB@succeed?3?$AA@ 0040d19c     Dialog2.obj
 0003:000001a8       ??_C@_0BF@GKAO@type?5B?5attrib?5failed?$AA@ 0040d1a8     Dialog2.obj
 0003:000001c0       ??_C@_0BH@CJIA@type?5B?5can?$GAt?5find?5card?$AA@ 0040d1c0     Dialog2.obj
 0003:000001d8       ??_C@_0BA@EINL@reset?5succeed?3?5?$AA@ 0040d1d8     Dialog2.obj
 0003:000001e8       ??_C@_0N@PGHA@reset?5failed?$AA@ 0040d1e8     Dialog2.obj
 0003:000001f8       ??_C@_02BAND@08?$AA@       0040d1f8     Dialog2.obj
 0003:000001fc       ??_C@_02FLGD@84?$AA@       0040d1fc     Dialog2.obj
 0003:00000200       ??_C@_02EEGL@00?$AA@       0040d200     Dialog2.obj
 0003:00000204       ??_C@_01PLJA@0?$AA@        0040d204     Dialog2.obj
 0003:00000208       ??_C@_0BA@HNCC@unknow?5error?4?4?4?$AA@ 0040d208     Dialog2.obj
 0003:00000218       ??_C@_04HGD@?6WB?3?$AA@    0040d218     Dialog2.obj
 0003:00000220       ??_C@_05HNPM@?6?6WA?3?$AA@ 0040d220     Dialog2.obj
 0003:00000228       ??_C@_0O@FGFD@IC?5card?5re?3?$AN?6?$AA@ 0040d228     Dialog2.obj
 0003:00000238       ??_C@_04OBKB@?$CF02x?$AA@  0040d238     Dialog2.obj
 0003:00000240       ??_C@_0BF@OCNA@wrong?5data?5format?4?4?4?$AA@ 0040d240     Dialog2.obj
 0003:00000258       ??_C@_09GBJA@?R?x?P?P?$LP?$KI?$LK?E?3?$AA@ 0040d258     Dialog2.obj
 0003:00000264       ??_C@_0P@BHKL@Off?5succeed?4?4?4?$AA@ 0040d264     Dialog2.obj
 0003:00000274       ??_C@_0BA@FJPG@check?5failed?4?4?4?$AA@ 0040d274     Dialog3.obj
 0003:00000284       ??_C@_0M@BAFL@check?5OK?4?4?4?$AA@ 0040d284     Dialog3.obj
 0003:00000290       ??_C@_07CJLB@AT24C64?$AA@  0040d290     Dialog3.obj
 0003:00000298       ??_C@_07JKMD@AT24C32?$AA@  0040d298     Dialog3.obj
 0003:000002a0       ??_C@_07BNMK@AT24C16?$AA@  0040d2a0     Dialog3.obj
 0003:000002a8       ??_C@_07KAKK@AT24C08?$AA@  0040d2a8     Dialog3.obj
 0003:000002b0       ??_C@_07FOEO@AT24C04?$AA@  0040d2b0     Dialog3.obj
 0003:000002b8       ??_C@_07KBDM@AT24C02?$AA@  0040d2b8     Dialog3.obj
 0003:000002c0       ??_C@_07FOIF@AT24C01?$AA@  0040d2c0     Dialog3.obj
 0003:000002c8       ??_C@_04IMAP@0008?$AA@     0040d2c8     Dialog3.obj
 0003:000002d0       ??_C@_04NILH@0000?$AA@     0040d2d0     Dialog3.obj
 0003:000002d8       ??_C@_01KPCI@8?$AA@        0040d2d8     Dialog3.obj
 0003:000002dc       ??_C@_06LJBO@FFFFFF?$AA@   0040d2dc     Dialog3.obj
 0003:000002e4       ??_C@_0L@NGFP@4442?5check?$AA@ 0040d2e4     Dialog3.obj
 0003:000002f0       ??_C@_0L@EPDO@4428?5check?$AA@ 0040d2f0     Dialog3.obj
 0003:000002fc       ??_C@_0P@OHCM@init?5failed?4?4?4?$AA@ 0040d2fc     Dialog3.obj
 0003:0000030c       ??_C@_0BA@KOHI@init?5succeed?4?4?4?$AA@ 0040d30c     Dialog3.obj
 0003:0000031c       ??_C@_0BC@HFDF@password?5wrong?4?4?4?$AA@ 0040d31c     Dialog3.obj
 0003:00000330       ??_C@_0BE@EMIC@password?5correct?4?4?4?$AA@ 0040d330     Dialog3.obj
 0003:00000344       ??_C@_0BJ@KDMC@password?5format?5error?4?4?4?$AA@ 0040d344     Dialog3.obj
 0003:00000360       ??_C@_0BB@OFG@null?5password?4?4?4?$AA@ 0040d360     Dialog3.obj
 0003:00000374       ??_C@_0BI@GICI@read?5password?5failed?4?4?4?$AA@ 0040d374     Dialog3.obj
 0003:0000038c       ??_C@_0L@DCCK@password?$KD?$LK?$AA@ 0040d38c     Dialog3.obj
 0003:00000398       ??_C@_0BF@CABK@change?5key?5failed?4?4?4?$AA@ 0040d398     Dialog3.obj
 0003:000003b0       ??_C@_0BG@LLLP@change?5key?5succeed?4?4?4?$AA@ 0040d3b0     Dialog3.obj
 0003:000003c8       ??_C@_0BJ@NBMN@password?5wrong?5format?4?4?4?$AA@ 0040d3c8     Dialog3.obj
 0003:000003e4       ??_C@_0BJ@CAEM@please?5enter?5password?4?4?4?$AA@ 0040d3e4     Dialog3.obj
 0003:00000400       ??_C@_0P@LPDD@read?5failed?4?4?4?$AA@ 0040d400     Dialog3.obj
 0003:00000410       ??_C@_0BG@BMDG@read?5succeed?4?4?4?6data?3?$AA@ 0040d410     Dialog3.obj
 0003:00000428       ??_C@_0BA@EPG@write?5failed?4?4?4?$AA@ 0040d428     Dialog3.obj
 0003:00000438       ??_C@_0BB@DMJL@write?5succeed?4?4?4?$AA@ 0040d438     Dialog3.obj
 0003:0000044c       ??_C@_0BF@JBEG@please?5enter?5data?4?4?4?$AA@ 0040d44c     Dialog3.obj
 0003:00000464       ??_C@_0BH@JBNO@read?5protect?5failed?4?4?4?$AA@ 0040d464     Dialog3.obj
 0003:0000047c       ??_C@_0BO@OMA@read?5protect?5succeed?3?6?5mark?3?5?$AA@ 0040d47c     Dialog3.obj
 0003:0000049c       ??_C@_0CA@NIKK@read?5protect?5succeed?4?4?4?6?5mark?3?5?$AA@ 0040d49c     Dialog3.obj
 0003:000004bc       ??_C@_0BL@NBLF@wrong?5data?5format?$CB?5Len?5?31?$HO?$AA@ 0040d4bc     Dialog3.obj
 0003:000004d8       ??_C@_0BI@MEGG@write?5protect?5failed?4?4?4?$AA@ 0040d4d8     Dialog3.obj
 0003:000004f0       ??_C@_0BJ@GBFL@write?5protect?5succeed?4?4?4?$AA@ 0040d4f0     Dialog3.obj
 0003:0000050c       ??_C@_0N@OPPJ@Null?5data?4?4?4?$AA@ 0040d50c     Dialog3.obj
 0003:0000051c       ??_C@_01KMMP@?$CJ?$AA@     0040d51c     Dialog3.obj
 0003:00000520       ??_C@_03JIAB@?$CI0?$HO?$AA@ 0040d520     Dialog3.obj
 0003:00000524       ??_C@_0BA@GBCA@read?5succeed?4?4?4?$AA@ 0040d524     Dialog3.obj
 0003:00000534       ??_C@_06KDMF@data?5?3?$AA@ 0040d534     Dialog3.obj
 0003:0000053c       ??_C@_0P@LFLI@Null?5length?4?4?4?$AA@ 0040d53c     Dialog3.obj
 0003:0000054c       ??_C@_0CB@JGEE@Len?5should?5be?52?5byte?5hex?5data?4?4?4@ 0040d54c     Dialog3.obj
 0003:00000570       ??_C@_0N@IAJI@Null?5addr?4?4?4?$AA@ 0040d570     Dialog3.obj
 0003:00000580       ??_C@_0CC@LNIN@addr?5should?5be?52?5byte?5hex?5data?4?4@ 0040d580     Dialog3.obj
 0003:000005a4       ??_C@_0BL@CNOK@wrong?5input?5data?5format?4?4?4?$AA@ 0040d5a4     Dialog3.obj
 0003:000005c0       ??_C@_06COCM@Error?3?$AA@  0040d5c0     Dialog3.obj
 0003:000005c8       ??_C@_02FCAK@15?$AA@       0040d5c8     Dialog4.obj
 0003:000005cc       ??_C@_02PIJN@14?$AA@       0040d5cc     Dialog4.obj
 0003:000005d0       ??_C@_02KNHI@13?$AA@       0040d5d0     Dialog4.obj
 0003:000005d4       ??_C@_02HOP@12?$AA@        0040d5d4     Dialog4.obj
 0003:000005d8       ??_C@_02PIFG@11?$AA@       0040d5d8     Dialog4.obj
 0003:000005dc       ??_C@_02FCMB@10?$AA@       0040d5dc     Dialog4.obj
 0003:000005e0       ??_C@_02LKEE@09?$AA@       0040d5e0     Dialog4.obj
 0003:000005e4       ??_C@_02BBIO@07?$AA@       0040d5e4     Dialog4.obj
 0003:000005e8       ??_C@_02LLBJ@06?$AA@       0040d5e8     Dialog4.obj
 0003:000005ec       ??_C@_02EEKA@05?$AA@       0040d5ec     Dialog4.obj
 0003:000005f0       ??_C@_02OODH@04?$AA@       0040d5f0     Dialog4.obj
 0003:000005f4       ??_C@_02LLNC@03?$AA@       0040d5f4     Dialog4.obj
 0003:000005f8       ??_C@_02BBEF@02?$AA@       0040d5f8     Dialog4.obj
 0003:000005fc       ??_C@_02OOPM@01?$AA@       0040d5fc     Dialog4.obj
 0003:00000600       ??_C@_0CB@IAAI@22222222222222222222222222222222@ 0040d600     Dialog4.obj
 0003:00000624       ??_C@_0CB@HNGM@11111111111111111111111111111111@ 0040d624     Dialog4.obj
 0003:00000648       ??_C@_0CB@JGFK@11223344556677889900AABBCCDDEEFF@ 0040d648     Dialog4.obj
 0003:0000066c       ??_C@_0N@EFOB@FFFFFFFFFFFF?$AA@ 0040d66c     Dialog4.obj
 0003:0000067c       ??_C@_0N@BPFA@failed?4?4?4SN?3?$AA@ 0040d67c     Dialog4.obj
 0003:0000068c       ??_C@_0P@LHGA@succeed?4?4?4SN?3?5?$AA@ 0040d68c     Dialog4.obj
 0003:0000069c       ??_C@_0BE@OPOA@wrong?5key?5format?4?4?4?$AA@ 0040d69c     Dialog4.obj
 0003:000006b0       ??_C@_0BG@IKPM@do?5not?5detect?5card?4?4?4?$AA@ 0040d6b0     Dialog4.obj
 0003:000006c8       ??_C@_0BD@EFIA@not?5detect?5card?4?4?4?$AA@ 0040d6c8     Dialog4.obj
 0003:000006dc       ??_C@_02HFBK@?3?5?$AA@     0040d6dc     Dialog4.obj
 0003:000006e0       ??_C@_07BFKJ@?5block?5?$AA@ 0040d6e0     Dialog4.obj
 0003:000006e8       ??_C@_06HNA@secor?5?$AA@   0040d6e8     Dialog4.obj
 0003:000006f0       ??_C@_0BO@EHDH@block?903?5can?$GAt?5be?5write?4?4?4?4?4?4?$AA@ 0040d6f0     Dialog4.obj
 0003:00000710       ??_C@_0N@LIBF@wrong?5key?4?4?4?$AA@ 0040d710     Dialog4.obj
 0003:00000720       ??_C@_0BI@OOLO@failed?5?0unknow?5error?4?4?4?$AA@ 0040d720     Dialog4.obj
 0003:00000738       ??_C@_0M@DBEC@?6block?503?3?5?$AA@ 0040d738     Dialog4.obj
 0003:00000744       ??_C@_0M@GDFE@?6block?502?3?5?$AA@ 0040d744     Dialog4.obj
 0003:00000750       ??_C@_0M@JFGP@?6block?501?3?5?$AA@ 0040d750     Dialog4.obj
 0003:0000075c       ??_C@_0BL@IBOK@read?5succeed?4?4?4?6block?500?3?5?$AA@ 0040d75c     Dialog4.obj
 0003:00000778       ??_C@_0N@KLHP@try?5again?4?4?4?$AA@ 0040d778     Dialog4.obj
 0003:00000788       ??_C@_0L@GMEE@no?5card?4?4?4?$AA@ 0040d788     Dialog4.obj
 0003:00000794       ??_C@_0CA@JBBB@key?5should?5be?56?5bye?5hex?5data?4?4?4?$AA@ 0040d794     Dialog4.obj
 0003:000007b4       ??_C@_0P@FGLG@wrong?5data?5?4?4?4?$AA@ 0040d7b4     Dialog4.obj
 0003:000007c4       ??_C@_05COLM@error?$AA@    0040d7c4     Dialog4.obj
 0003:000007cc       ??_C@_0CB@CFOA@key?5should?5be?56?5byte?5hex?5data?4?4?4@ 0040d7cc     Dialog4.obj
 0003:000007f0       ??_C@_0P@BNIG@off?5succeed?4?4?4?$AA@ 0040d7f0     Dialog4.obj
 0003:00000800       ??_C@_0BC@KIMO@can?$GAt?5find?5API?4?4?4?$AA@ 0040d800     Dialog4.obj
 0003:00000814       ??_C@_0BD@MMLI@load?5key?5failed?4?4?4?$AA@ 0040d814     Dialog4.obj
 0003:00000828       ??_C@_0BE@IFHL@card?5may?5be?5off?$CB?4?4?4?$AA@ 0040d828     Dialog4.obj
 0003:0000083c       ??_C@_0BN@LKIN@detect?5more?5than?5one?5card?4?4?4?$AA@ 0040d83c     Dialog4.obj
 0003:0000085c       ??_C@_0BH@OJLH@?5change?5key?5succeed?4?4?4?$AA@ 0040d85c     Dialog4.obj
 0003:00000874       ??_C@_07KCGK@sector?5?$AA@ 0040d874     Dialog4.obj
 0003:0000087c       ??_C@_0BI@JLDF@new?5key?5wrong?5format?4?4?4?$AA@ 0040d87c     Dialog4.obj
 0003:00000894       ??_C@_0BI@MCAG@old?5key?5wrong?5format?4?4?4?$AA@ 0040d894     Dialog4.obj
 0003:000008ac       ??_C@_05PNCJ@block?$AA@    0040d8ac     Dialog5.obj
 0003:000008b4       ??_C@_0O@GNIO@succeed?5?0SN?3?5?$AA@ 0040d8b4     Dialog5.obj
 0003:000008c4       ??_C@_09IMIK@failed?4?4?4?$AA@ 0040d8c4     Dialog5.obj
 0003:000008d0       ??_C@_0CC@IJIO@inputs?5should?5be?54?5byte?5hex?5data@ 0040d8d0     Dialog5.obj
 0003:000008f4       ??_C@_0M@IJON@?$LI?$LE?N?$LL?J?$KH?$LA?$NM?4?4?4?$AA@ 0040d8f4     Dialog6.obj
 0003:00000900       ??_C@_0M@CLEC@?$LI?$LE?N?$LL?$LD?I?$LJ?$KG?4?4?4?$AA@ 0040d900     Dialog6.obj
 0003:0000090c       ??_C@_0M@IBNJ@?$LG?A?$LP?$KI?J?$KH?$LA?$NM?4?4?4?$AA@ 0040d90c     Dialog6.obj
 0003:00000918       ??_C@_06OLHK@zp?4bmp?$AA@  0040d918     Dialog6.obj
 0003:00000920       ??_C@_0M@CDHG@?$LG?A?$LP?$KI?$LD?I?$LJ?$KG?4?4?4?$AA@ 0040d920     Dialog6.obj
 0003:0000092c       ??_C@_0M@NBFD@?O?B?$LF?g?J?$KH?$LA?$NM?4?4?4?$AA@ 0040d92c     Dialog6.obj
 0003:00000938       ??_C@_0M@HDPM@?O?B?$LF?g?$LD?I?$LJ?$KG?4?4?4?$AA@ 0040d938     Dialog6.obj
 0003:00000944       ??_C@_01FBAH@1?$AA@        0040d944     m160Dlg.obj
 0003:00000948       ??_C@_0N@CBPI@ULlight?5card?$AA@ 0040d948     m160Dlg.obj
 0003:00000958       ??_C@_07FLCF@M1?5card?$AA@ 0040d958     m160Dlg.obj
 0003:00000960       ??_C@_0M@KCEF@Memory?5card?$AA@ 0040d960     m160Dlg.obj
 0003:0000096c       ??_C@_08LEK@CPU?5card?$AA@ 0040d96c     m160Dlg.obj
 0003:00000978       ??_C@_0O@MJPK@Magnetic?5card?$AA@ 0040d978     m160Dlg.obj
 0003:00000988       ??_C@_0BK@JGG@please?5click?5?8Connect?8?4?4?4?$AA@ 0040d988     m160Dlg.obj
 0003:000009a4       ??_C@_0L@BGPK@unconnect?3?$AA@ 0040d9a4     m160Dlg.obj
 0003:000009b0       ??_C@_0M@GMJN@succeed?4?4?4?6?$AA@ 0040d9b0     m160Dlg.obj
 0003:000009bc       ??_C@_05CKFE@?$LE?m?N?s?3?$AA@ 0040d9bc     m160Dlg.obj
 0003:000009c4       ??_C@_08PDDB@?$DP?5?$LG?$LK?N?R?$KD?$LP?$AA@ 0040d9c4     m160Dlg.obj
 0003:000009d0       ??_C@_08OGGH@?$LE?$KO?$LP?Z?$LK?E?J?G?$AA@ 0040d9d0     m160Dlg.obj
 0003:000009dc       ??_C@_0BD@IAE@Connect?5succeed?4?4?4?$AA@ 0040d9dc     m160Dlg.obj
 0003:000009f0       ??_C@_0M@DNGF@Succeed?4?4?4?6?$AA@ 0040d9f0     m160Dlg.obj
 0003:000009fc       ??_C@_01FCOA@?5?$AA@       0040d9fc     m160Dlg.obj
 0003:00000a00       ??_C@_05OKGE@BLACK?$AA@    0040da00     ReadInfo.obj
 0003:00000a10       ___defaultmatherr          0040da10     msvcrt:merr.obj
 0003:00000a18       ?M80Write@@3PAVCButton@@A  0040da18     Dialog1.obj
 0003:00000a1c       ?M80Read@@3PAVCButton@@A   0040da1c     Dialog1.obj
 0003:00000a20       ?M160Stop@@3PAVCButton@@A  0040da20     Dialog1.obj
 0003:00000a24       ?M160Read@@3PAVCButton@@A  0040da24     Dialog1.obj
 0003:00000a28       ?pButton3@@3PAVCButton@@A  0040da28     Dialog1.obj
 0003:00000a2c       ?pButton2@@3PAVCButton@@A  0040da2c     Dialog1.obj
 0003:00000a30       ?pButton1@@3PAVCButton@@A  0040da30     Dialog1.obj
 0003:00000a34       ?TK3Dat@@3PADA             0040da34     Dialog1.obj
 0003:00000b34       ?TK2Dat@@3PADA             0040db34     Dialog1.obj
 0003:00000c34       ?TK1Dat@@3PADA             0040dc34     Dialog1.obj
 0003:00000d34       ?ZCS80WritePro_flag@@3HA   0040dd34     Dialog1.obj
 0003:00000d38       ?ZCS80ReadPro_flag@@3HA    0040dd38     Dialog1.obj
 0003:00000d3c       ?INFOBOX1ext@@3PAVCStatic@@A 0040dd3c     Dialog1.obj
 0003:00000d40       ?INFOBOX1@@3PAVCStatic@@A  0040dd40     Dialog1.obj
 0003:00000d44       ?Track3@@3PAVCEdit@@A      0040dd44     Dialog1.obj
 0003:00000d48       ?Track2@@3PAVCEdit@@A      0040dd48     Dialog1.obj
 0003:00000d4c       ?Track1@@3PAVCEdit@@A      0040dd4c     Dialog1.obj
 0003:00000d50       ?hThread80@@3PAXA          0040dd50     Dialog1.obj
 0003:00000d54       ?hWThread@@3PAXA           0040dd54     Dialog1.obj
 0003:00000d58       ?hThread@@3PAXA            0040dd58     Dialog1.obj
 0003:00000d5c       ?BoolMagCard@@3HA          0040dd5c     Dialog1.obj
 0003:00000d60       ?MSR_INIT_FLAG@@3HA        0040dd60     Dialog1.obj
 0003:00000d64       ?parity1@@3HA              0040dd64     Dialog1.obj
 0003:00000d68       ?parity2@@3HA              0040dd68     Dialog1.obj
 0003:00000d6c       ?parity3@@3HA              0040dd6c     Dialog1.obj
 0003:00000d70       ??_C@_00A@?$AA@            0040dd70     Dialog1.obj
 0003:00000d74       ?LE@@3PAVCEdit@@A          0040dd74     Dialog2.obj
 0003:00000d78       ?DATA@@3PAVCEdit@@A        0040dd78     Dialog2.obj
 0003:00000d7c       ?LC@@3PAVCEdit@@A          0040dd7c     Dialog2.obj
 0003:00000d80       ?P2@@3PAVCEdit@@A          0040dd80     Dialog2.obj
 0003:00000d84       ?P1@@3PAVCEdit@@A          0040dd84     Dialog2.obj
 0003:00000d88       ?INS@@3PAVCEdit@@A         0040dd88     Dialog2.obj
 0003:00000d8c       ?CLA@@3PAVCEdit@@A         0040dd8c     Dialog2.obj
 0003:00000d90       ?INFOBOX@@3PAVCStatic@@A   0040dd90     Dialog2.obj
 0003:00000d94       ?CardType@@3HA             0040dd94     Dialog3.obj
 0003:00000d98       ?INFOBOX3_AT@@3PAVCStatic@@A 0040dd98     Dialog3.obj
 0003:00000d9c       ?INFOBOX3@@3PAVCStatic@@A  0040dd9c     Dialog3.obj
 0003:00000da0       ?pDlgKey3@@3PAVCEdit@@A    0040dda0     Dialog4.obj
 0003:00000da4       ?pDlgKey2@@3PAVCEdit@@A    0040dda4     Dialog4.obj
 0003:00000da8       ?pDlgKey1@@3PAVCEdit@@A    0040dda8     Dialog4.obj
 0003:00000dac       ?pwd@@3PAEA                0040ddac     Dialog4.obj
 0003:00000db4       ?keyType@@3HA              0040ddb4     Dialog4.obj
 0003:00000db8       ?INFOBOX4@@3PAVCStatic@@A  0040ddb8     Dialog4.obj
 0003:00000dbc       ?INFOBOX5@@3PAVCStatic@@A  0040ddbc     Dialog5.obj
 0003:00000dc0       ?INFOBOX6@@3PAVCStatic@@A  0040ddc0     Dialog6.obj
 0003:00000dc4       ?data8@@3PAVCEdit@@A       0040ddc4     Dialog6.obj
 0003:00000dc8       ?data7_2@@3PAVCEdit@@A     0040ddc8     Dialog6.obj
 0003:00000dcc       ?data7_1@@3PAVCEdit@@A     0040ddcc     Dialog6.obj
 0003:00000dd0       ?data6@@3PAVCEdit@@A       0040ddd0     Dialog6.obj
 0003:00000dd4       ?data5@@3PAVCEdit@@A       0040ddd4     Dialog6.obj
 0003:00000dd8       ?data4@@3PAVCEdit@@A       0040ddd8     Dialog6.obj
 0003:00000ddc       ?data3@@3PAVCEdit@@A       0040dddc     Dialog6.obj
 0003:00000de0       ?data2@@3PAVCEdit@@A       0040dde0     Dialog6.obj
 0003:00000de4       ?data1@@3PAVCEdit@@A       0040dde4     Dialog6.obj
 0003:00000de8       ?theApp@@3VCM160App@@A     0040dde8     m160.obj
 0003:00000eac       ?radio1@@3PAVCButton@@A    0040deac     m160Dlg.obj
 0003:00000eb0       ?PortNum@@3HA              0040deb0     m160Dlg.obj
 0003:00000eb4       ?Boudary@@3JA              0040deb4     m160Dlg.obj
 0003:00000eb8       ?MSR_Statue@@3HA           0040deb8     m160Dlg.obj
 0003:00000ebc       __afxForceEXCLUDE          0040debc     mfcs42:nolib.obj
 0003:00000ec0       __afxForceSTDAFX           0040dec0     mfcs42:stdafx.obj
 0003:00000ec4       __dowildcard               0040dec4     msvcrt:wildcard.obj
 0003:00000ec8       __newmode                  0040dec8     msvcrt:_newmode.obj
 0003:00000ecc       __commode                  0040decc     msvcrt:xncommod.obj
 0003:00000ed0       __fmode                    0040ded0     msvcrt:xtxtmode.obj
 0003:00000ed4       ?_afxInitAppState@@3DA     0040ded4     mfcs42:appmodul.obj
 0003:00000ed8       __adjust_fdiv              0040ded8     <common>
 0003:00000edc       ___onexitend               0040dedc     <common>
 0003:00000ee0       ___onexitbegin             0040dee0     <common>

 entry point at        0001:000077be

 Static symbols

 0001:00005e80       _$E221                     00406e80 f   m160.obj
 0001:00005e90       _$E218                     00406e90 f   m160.obj
 0001:00005ea0       _$E220                     00406ea0 f   m160.obj
 0001:00005eb0       _$E219                     00406eb0 f   m160.obj
 0001:00007991       _$E373                     00408991 f   mfcs42:appmodul.obj
 0001:00007996       _$E372                     00408996 f   mfcs42:appmodul.obj

 416 bytes saved through ICF

